Archive member included to satisfy reference by file (symbol)

C:/ti/simplelink_cc32xx_sdk_7_10_00_13/source\ti/drivers/lib/gcc/m4/drivers_cc32xx.a(GPIOCC32XX.c.obj)
                              ./uart2echo.o (GPIO_setConfig)
C:/ti/simplelink_cc32xx_sdk_7_10_00_13/source\ti/drivers/lib/gcc/m4/drivers_cc32xx.a(PowerCC32XX.c.obj)
                              ./syscfg/ti_drivers_config.o (Power_init)
C:/ti/simplelink_cc32xx_sdk_7_10_00_13/source\ti/drivers/lib/gcc/m4/drivers_cc32xx.a(PowerCC32XX_gcc.asm.obj)
                              C:/ti/simplelink_cc32xx_sdk_7_10_00_13/source\ti/drivers/lib/gcc/m4/drivers_cc32xx.a(PowerCC32XX.c.obj) (PowerCC32XX_enterLPDS)
C:/ti/simplelink_cc32xx_sdk_7_10_00_13/source\ti/drivers/lib/gcc/m4/drivers_cc32xx.a(UART2.c.obj)
                              ./uart2echo.o (UART2_Params_init)
C:/ti/simplelink_cc32xx_sdk_7_10_00_13/source\ti/drivers/lib/gcc/m4/drivers_cc32xx.a(UART2CC32XX.c.obj)
                              ./uart2echo.o (UART2_open)
C:/ti/simplelink_cc32xx_sdk_7_10_00_13/source\ti/drivers/lib/gcc/m4/drivers_cc32xx.a(List.c.obj)
                              C:/ti/simplelink_cc32xx_sdk_7_10_00_13/source\ti/drivers/lib/gcc/m4/drivers_cc32xx.a(PowerCC32XX.c.obj) (List_put)
C:/ti/simplelink_cc32xx_sdk_7_10_00_13/source\ti/drivers/lib/gcc/m4/drivers_cc32xx.a(RingBuf.c.obj)
                              C:/ti/simplelink_cc32xx_sdk_7_10_00_13/source\ti/drivers/lib/gcc/m4/drivers_cc32xx.a(UART2CC32XX.c.obj) (RingBuf_construct)
C:/ti/simplelink_cc32xx_sdk_7_10_00_13/source\ti/drivers/lib/gcc/m4/drivers_cc32xx.a(UDMACC32XX.c.obj)
                              C:/ti/simplelink_cc32xx_sdk_7_10_00_13/source\ti/drivers/lib/gcc/m4/drivers_cc32xx.a(UART2CC32XX.c.obj) (UDMACC32XX_close)
C:/ti/simplelink_cc32xx_sdk_7_10_00_13/kernel/nortos\lib/gcc/m4/nortos_cc32xx.a(NoRTOS.c.obj)
                              ./main_nortos.o (NoRTOS_start)
C:/ti/simplelink_cc32xx_sdk_7_10_00_13/kernel/nortos\lib/gcc/m4/nortos_cc32xx.a(SemaphoreP_nortos.c.obj)
                              C:/ti/simplelink_cc32xx_sdk_7_10_00_13/source\ti/drivers/lib/gcc/m4/drivers_cc32xx.a(UART2CC32XX.c.obj) (SemaphoreP_constructBinary)
C:/ti/simplelink_cc32xx_sdk_7_10_00_13/kernel/nortos\lib/gcc/m4/nortos_cc32xx.a(ClockPSysTick_nortos.c.obj)
                              C:/ti/simplelink_cc32xx_sdk_7_10_00_13/kernel/nortos\lib/gcc/m4/nortos_cc32xx.a(SemaphoreP_nortos.c.obj) (ClockP_add)
C:/ti/simplelink_cc32xx_sdk_7_10_00_13/kernel/nortos\lib/gcc/m4/nortos_cc32xx.a(HwiPCC32XX_nortos.c.obj)
                              C:/ti/simplelink_cc32xx_sdk_7_10_00_13/kernel/nortos\lib/gcc/m4/nortos_cc32xx.a(NoRTOS.c.obj) (HwiP_enable)
C:/ti/simplelink_cc32xx_sdk_7_10_00_13/kernel/nortos\lib/gcc/m4/nortos_cc32xx.a(PowerCC32XX_nortos.c.obj)
                              ./syscfg/ti_drivers_config.o (PowerCC32XX_initPolicy)
C:/ti/simplelink_cc32xx_sdk_7_10_00_13/kernel/nortos\lib/gcc/m4/nortos_cc32xx.a(startup_cc32xx_gcc.c.obj)
                              (resetISR)
C:/ti/simplelink_cc32xx_sdk_7_10_00_13/kernel/nortos\lib/gcc/m4/nortos_cc32xx.a(SwiP_nortos.c.obj)
                              C:/ti/simplelink_cc32xx_sdk_7_10_00_13/kernel/nortos\lib/gcc/m4/nortos_cc32xx.a(PowerCC32XX_nortos.c.obj) (SwiP_disable)
C:/ti/simplelink_cc32xx_sdk_7_10_00_13/source\ti/devices/cc32xx/driverlib/gcc/Release/driverlib.a(cpu.obj)
                              C:/ti/simplelink_cc32xx_sdk_7_10_00_13/kernel/nortos\lib/gcc/m4/nortos_cc32xx.a(HwiPCC32XX_nortos.c.obj) (CPUprimask)
C:/ti/simplelink_cc32xx_sdk_7_10_00_13/source\ti/devices/cc32xx/driverlib/gcc/Release/driverlib.a(gpio.obj)
                              C:/ti/simplelink_cc32xx_sdk_7_10_00_13/source\ti/drivers/lib/gcc/m4/drivers_cc32xx.a(GPIOCC32XX.c.obj) (GPIODirModeSet)
C:/ti/simplelink_cc32xx_sdk_7_10_00_13/source\ti/devices/cc32xx/driverlib/gcc/Release/driverlib.a(hwspinlock.obj)
                              C:/ti/simplelink_cc32xx_sdk_7_10_00_13/source\ti/drivers/lib/gcc/m4/drivers_cc32xx.a(PowerCC32XX.c.obj) (HwSpinLockTryAcquire)
C:/ti/simplelink_cc32xx_sdk_7_10_00_13/source\ti/devices/cc32xx/driverlib/gcc/Release/driverlib.a(interrupt.obj)
                              C:/ti/simplelink_cc32xx_sdk_7_10_00_13/kernel/nortos\lib/gcc/m4/nortos_cc32xx.a(HwiPCC32XX_nortos.c.obj) (IntMasterEnable)
C:/ti/simplelink_cc32xx_sdk_7_10_00_13/source\ti/devices/cc32xx/driverlib/gcc/Release/driverlib.a(pin.obj)
                              C:/ti/simplelink_cc32xx_sdk_7_10_00_13/source\ti/drivers/lib/gcc/m4/drivers_cc32xx.a(GPIOCC32XX.c.obj) (PinModeSet)
C:/ti/simplelink_cc32xx_sdk_7_10_00_13/source\ti/devices/cc32xx/driverlib/gcc/Release/driverlib.a(prcm.obj)
                              C:/ti/simplelink_cc32xx_sdk_7_10_00_13/source\ti/drivers/lib/gcc/m4/drivers_cc32xx.a(PowerCC32XX.c.obj) (PRCMPeripheralClkEnable)
C:/ti/simplelink_cc32xx_sdk_7_10_00_13/source\ti/devices/cc32xx/driverlib/gcc/Release/driverlib.a(spi.obj)
[...]
Memory Configuration

Name             Origin             Length             Attributes
FLASH_HDR        0x01000000         0x000007ff         xr
FLASH            0x01000800         0x000ff800         xr
SRAM             0x20000000         0x00040000         xrw
LOG_DATA         0x90000000         0x00040000         r
LOG_PTR          0x94000008         0x00040000         r
*default*        0x00000000         0xffffffff

Linker script and memory map

LOAD ./main_nortos.o
LOAD ./uart2echo.o
LOAD ./syscfg/ti_drivers_config.o
                0x00001000                STACKSIZE = 0x1000
                0x00008000                HEAP_SIZE = 0x8000

.dbghdr
 *(.dbghdr)
                0x01000800                PROVIDE (_resetVecs_base_address = DEFINED (_resetVecs_base_address)?_resetVecs_base_address:0x1000800)

.resetVecs      0x01000800       0x40
 *(.resetVecs)
 .resetVecs     0x01000800       0x40 C:/ti/simplelink_cc32xx_sdk_7_10_00_13/kernel/nortos\lib/gcc/m4/nortos_cc32xx.a(startup_cc32xx_gcc.c.obj)

.ramVecs        0x20000000      0x30c
 *(.ramVecs)
 .ramVecs       0x20000000      0x30c C:/ti/simplelink_cc32xx_sdk_7_10_00_13/kernel/nortos\lib/gcc/m4/nortos_cc32xx.a(startup_cc32xx_gcc.c.obj)

.text           0x01000840     0x4920
 CREATE_OBJECT_SYMBOLS
 *(.text)
 .text          0x01000840       0x98 C:/ti/simplelink_cc32xx_sdk_7_10_00_13/source\ti/drivers/lib/gcc/m4/drivers_cc32xx.a(PowerCC32XX_gcc.asm.obj)
                0x01000840                PowerCC32XX_enterLPDS
                0x01000884                PowerCC32XX_resumeLPDS
 .text          0x010008d8       0x30 c:/ti/ccs1270/ccs/tools/compiler/gcc-arm-none-eabi-9-2019-q4-major/bin/../lib/gcc/arm-none-eabi/9.2.1/thumb/v7e-m/nofp\libgcc.a(_aeabi_uldivmod.o)
                0x010008d8                __aeabi_uldivmod
 .text          0x01000908      0x2c0 c:/ti/ccs1270/ccs/tools/compiler/gcc-arm-none-eabi-9-2019-q4-major/bin/../lib/gcc/arm-none-eabi/9.2.1/thumb/v7e-m/nofp\libgcc.a(_udivmoddi4.o)
                0x01000908                __udivmoddi4
 .text          0x01000bc8        0x4 c:/ti/ccs1270/ccs/tools/compiler/gcc-arm-none-eabi-9-2019-q4-major/bin/../lib/gcc/arm-none-eabi/9.2.1/thumb/v7e-m/nofp\libgcc.a(_dvmd_tls.o)
                0x01000bc8                __aeabi_idiv0
                0x01000bc8                __aeabi_ldiv0
 *(.text.*)
 .text.startup.main
                0x01000bcc       0x14 ./main_nortos.o
                0x01000bcc                main
 .text.mainThread
                0x01000be0       0xb0 ./uart2echo.o
                0x01000be0                mainThread
 .text.dmaErrorFxn
                0x01000c90        0xc ./syscfg/ti_drivers_config.o
 .text.Board_initHook
                0x01000c9c        0x4 ./syscfg/ti_drivers_config.o
                0x01000c9c                Board_initHook
 .text.Board_init
                0x01000ca0       0x14 ./syscfg/ti_drivers_config.o
                0x01000ca0                Board_init
 .text.GPIO_hwiIntFxn
                0x01000cb4       0x54 C:/ti/simplelink_cc32xx_sdk_7_10_00_13/source\ti/drivers/lib/gcc/m4/drivers_cc32xx.a(GPIOCC32XX.c.obj)
                0x01000cb4                GPIO_hwiIntFxn
 .text.GPIO_setInterruptConfig
                0x01000d08       0x9c C:/ti/simplelink_cc32xx_sdk_7_10_00_13/source\ti/drivers/lib/gcc/m4/drivers_cc32xx.a(GPIOCC32XX.c.obj)
                0x01000d08                GPIO_setInterruptConfig
 .text.GPIO_setConfig
                0x01000da4      0x160 C:/ti/simplelink_cc32xx_sdk_7_10_00_13/source\ti/drivers/lib/gcc/m4/drivers_cc32xx.a(GPIOCC32XX.c.obj)
                0x01000da4                GPIO_setConfig
 .text.GPIO_init
                0x01000f04       0xa0 C:/ti/simplelink_cc32xx_sdk_7_10_00_13/source\ti/drivers/lib/gcc/m4/drivers_cc32xx.a(GPIOCC32XX.c.obj)
                0x01000f04                GPIO_init
 .text.powerNotifyFxn
                0x01000fa4       0x84 C:/ti/simplelink_cc32xx_sdk_7_10_00_13/source\ti/drivers/lib/gcc/m4/drivers_cc32xx.a(GPIOCC32XX.c.obj)
 .text.GPIO_write
                0x01001028       0x8c C:/ti/simplelink_cc32xx_sdk_7_10_00_13/source\ti/drivers/lib/gcc/m4/drivers_cc32xx.a(GPIOCC32XX.c.obj)
                0x01001028                GPIO_write
 .text.Power_disablePolicy
                0x010010b4       0x14 C:/ti/simplelink_cc32xx_sdk_7_10_00_13/source\ti/drivers/lib/gcc/m4/drivers_cc32xx.a(PowerCC32XX.c.obj)
                0x010010b4                Power_disablePolicy
 .text.Power_enablePolicy
                0x010010c8       0x10 C:/ti/simplelink_cc32xx_sdk_7_10_00_13/source\ti/drivers/lib/gcc/m4/drivers_cc32xx.a(PowerCC32XX.c.obj)
                0x010010c8                Power_enablePolicy
 .text.Power_getConstraintMask
                0x010010d8        0xc C:/ti/simplelink_cc32xx_sdk_7_10_00_13/source\ti/drivers/lib/gcc/m4/drivers_cc32xx.a(PowerCC32XX.c.obj)
                0x010010d8                Power_getConstraintMask
 .text.Power_getTransitionLatency
                0x010010e4       0x14 C:/ti/simplelink_cc32xx_sdk_7_10_00_13/source\ti/drivers/lib/gcc/m4/drivers_cc32xx.a(PowerCC32XX.c.obj)
                0x010010e4                Power_getTransitionLatency
 .text.Power_idleFunc
                0x010010f8       0x14 C:/ti/simplelink_cc32xx_sdk_7_10_00_13/source\ti/drivers/lib/gcc/m4/drivers_cc32xx.a(PowerCC32XX.c.obj)
                0x010010f8                Power_idleFunc
 .text.Power_init
                0x0100110c       0xd8 C:/ti/simplelink_cc32xx_sdk_7_10_00_13/source\ti/drivers/lib/gcc/m4/drivers_cc32xx.a(PowerCC32XX.c.obj)
                0x0100110c                Power_init
 .text.Power_registerNotify
                0x010011e4       0x24 C:/ti/simplelink_cc32xx_sdk_7_10_00_13/source\ti/drivers/lib/gcc/m4/drivers_cc32xx.a(PowerCC32XX.c.obj)
                0x010011e4                Power_registerNotify
 .text.Power_releaseConstraint
                0x01001208       0x4c C:/ti/simplelink_cc32xx_sdk_7_10_00_13/source\ti/drivers/lib/gcc/m4/drivers_cc32xx.a(PowerCC32XX.c.obj)
                0x01001208                Power_releaseConstraint
 .text.Power_releaseDependency
                0x01001254       0x54 C:/ti/simplelink_cc32xx_sdk_7_10_00_13/source\ti/drivers/lib/gcc/m4/drivers_cc32xx.a(PowerCC32XX.c.obj)
                0x01001254                Power_releaseDependency
 .text.Power_setConstraint
                0x010012a8       0x38 C:/ti/simplelink_cc32xx_sdk_7_10_00_13/source\ti/drivers/lib/gcc/m4/drivers_cc32xx.a(PowerCC32XX.c.obj)
                0x010012a8                Power_setConstraint
 .text.Power_setDependency
                0x010012e0       0x78 C:/ti/simplelink_cc32xx_sdk_7_10_00_13/source\ti/drivers/lib/gcc/m4/drivers_cc32xx.a(PowerCC32XX.c.obj)
                0x010012e0                Power_setDependency
 .text.Power_sleep
                0x01001358      0x554 C:/ti/simplelink_cc32xx_sdk_7_10_00_13/source\ti/drivers/lib/gcc/m4/drivers_cc32xx.a(PowerCC32XX.c.obj)
                0x01001358                Power_sleep
 .text.Power_unregisterNotify
                0x010018ac       0x20 C:/ti/simplelink_cc32xx_sdk_7_10_00_13/source\ti/drivers/lib/gcc/m4/drivers_cc32xx.a(PowerCC32XX.c.obj)
                0x010018ac                Power_unregisterNotify
 .text.PowerCC32XX_getParkState
                0x010018cc       0x38 C:/ti/simplelink_cc32xx_sdk_7_10_00_13/source\ti/drivers/lib/gcc/m4/drivers_cc32xx.a(PowerCC32XX.c.obj)
                0x010018cc                PowerCC32XX_getParkState
 .text.PowerCC32XX_restoreParkState
                0x01001904       0x30 C:/ti/simplelink_cc32xx_sdk_7_10_00_13/source\ti/drivers/lib/gcc/m4/drivers_cc32xx.a(PowerCC32XX.c.obj)
                0x01001904                PowerCC32XX_restoreParkState
 .text.PowerCC32XX_setParkState
                0x01001934       0x64 C:/ti/simplelink_cc32xx_sdk_7_10_00_13/source\ti/drivers/lib/gcc/m4/drivers_cc32xx.a(PowerCC32XX.c.obj)
                0x01001934                PowerCC32XX_setParkState
 .text.PowerCC32XX_reset
                0x01001998       0x20 C:/ti/simplelink_cc32xx_sdk_7_10_00_13/source\ti/drivers/lib/gcc/m4/drivers_cc32xx.a(PowerCC32XX.c.obj)
                0x01001998                PowerCC32XX_reset
 .text.UART2_Params_init
                0x010019b8       0x1c C:/ti/simplelink_cc32xx_sdk_7_10_00_13/source\ti/drivers/lib/gcc/m4/drivers_cc32xx.a(UART2.c.obj)
                0x010019b8                UART2_Params_init
 .text.UART2_rxDisable
                0x010019d4       0x40 C:/ti/simplelink_cc32xx_sdk_7_10_00_13/source\ti/drivers/lib/gcc/m4/drivers_cc32xx.a(UART2.c.obj)
                0x010019d4                UART2_rxDisable
 .text.UART2_rxEnable
                0x01001a14       0x44 C:/ti/simplelink_cc32xx_sdk_7_10_00_13/source\ti/drivers/lib/gcc/m4/drivers_cc32xx.a(UART2.c.obj)
                0x01001a14                UART2_rxEnable
 .text.UART2_readTimeout
                0x01001a58      0x1c4 C:/ti/simplelink_cc32xx_sdk_7_10_00_13/source\ti/drivers/lib/gcc/m4/drivers_cc32xx.a(UART2.c.obj)
                0x01001a58                UART2_readTimeout
 .text.UART2_readFull
                0x01001c1c       0x50 C:/ti/simplelink_cc32xx_sdk_7_10_00_13/source\ti/drivers/lib/gcc/m4/drivers_cc32xx.a(UART2.c.obj)
                0x01001c1c                UART2_readFull
 .text.UART2_read
                0x01001c6c       0x24 C:/ti/simplelink_cc32xx_sdk_7_10_00_13/source\ti/drivers/lib/gcc/m4/drivers_cc32xx.a(UART2.c.obj)
                0x01001c6c                UART2_read
 .text.UART2_writeTimeoutBlocking
                0x01001c90      0x174 C:/ti/simplelink_cc32xx_sdk_7_10_00_13/source\ti/drivers/lib/gcc/m4/drivers_cc32xx.a(UART2.c.obj)
                0x01001c90                UART2_writeTimeoutBlocking
 .text.UART2_writeTimeoutNonblocking
                0x01001e04      0x124 C:/ti/simplelink_cc32xx_sdk_7_10_00_13/source\ti/drivers/lib/gcc/m4/drivers_cc32xx.a(UART2.c.obj)
                0x01001e04                UART2_writeTimeoutNonblocking
 .text.UART2_writeTimeout
                0x01001f28       0x18 C:/ti/simplelink_cc32xx_sdk_7_10_00_13/source\ti/drivers/lib/gcc/m4/drivers_cc32xx.a(UART2.c.obj)
                0x01001f28                UART2_writeTimeout
 .text.UART2_write
                0x01001f40       0x14 C:/ti/simplelink_cc32xx_sdk_7_10_00_13/source\ti/drivers/lib/gcc/m4/drivers_cc32xx.a(UART2.c.obj)
                0x01001f40                UART2_write
 .text.UART2CC32XX_eventCallback
                0x01001f54        0x4 C:/ti/simplelink_cc32xx_sdk_7_10_00_13/source\ti/drivers/lib/gcc/m4/drivers_cc32xx.a(UART2CC32XX.c.obj)
 .text.UART2CC32XX_initHw.isra.0
                0x01001f58       0xd4 C:/ti/simplelink_cc32xx_sdk_7_10_00_13/source\ti/drivers/lib/gcc/m4/drivers_cc32xx.a(UART2CC32XX.c.obj)
 .text.UART2CC32XX_postNotifyFxn
                0x0100202c       0x10 C:/ti/simplelink_cc32xx_sdk_7_10_00_13/source\ti/drivers/lib/gcc/m4/drivers_cc32xx.a(UART2CC32XX.c.obj)
 .text.UART2_close
                0x0100203c      0x100 C:/ti/simplelink_cc32xx_sdk_7_10_00_13/source\ti/drivers/lib/gcc/m4/drivers_cc32xx.a(UART2CC32XX.c.obj)
                0x0100203c                UART2_close
 .text.UART2_open
                0x0100213c      0x250 C:/ti/simplelink_cc32xx_sdk_7_10_00_13/source\ti/drivers/lib/gcc/m4/drivers_cc32xx.a(UART2CC32XX.c.obj)
                0x0100213c                UART2_open
 .text.UART2Support_disableRx
                0x0100238c       0x24 C:/ti/simplelink_cc32xx_sdk_7_10_00_13/source\ti/drivers/lib/gcc/m4/drivers_cc32xx.a(UART2CC32XX.c.obj)
                0x0100238c                UART2Support_disableRx
 .text.UART2Support_disableTx
                0x010023b0        0xc C:/ti/simplelink_cc32xx_sdk_7_10_00_13/source\ti/drivers/lib/gcc/m4/drivers_cc32xx.a(UART2CC32XX.c.obj)
                0x010023b0                UART2Support_disableTx
 .text.UART2Support_dmaStartTx
                0x010023bc       0xbc C:/ti/simplelink_cc32xx_sdk_7_10_00_13/source\ti/drivers/lib/gcc/m4/drivers_cc32xx.a(UART2CC32XX.c.obj)
                0x010023bc                UART2Support_dmaStartTx
 .text.UART2Support_dmaStopRx
                0x01002478       0x50 C:/ti/simplelink_cc32xx_sdk_7_10_00_13/source\ti/drivers/lib/gcc/m4/drivers_cc32xx.a(UART2CC32XX.c.obj)
                0x01002478                UART2Support_dmaStopRx
 .text.UART2Support_dmaStartRx
                0x010024c8       0xd4 C:/ti/simplelink_cc32xx_sdk_7_10_00_13/source\ti/drivers/lib/gcc/m4/drivers_cc32xx.a(UART2CC32XX.c.obj)
                0x010024c8                UART2Support_dmaStartRx
 .text.UART2Support_dmaStopTx
                0x0100259c       0x64 C:/ti/simplelink_cc32xx_sdk_7_10_00_13/source\ti/drivers/lib/gcc/m4/drivers_cc32xx.a(UART2CC32XX.c.obj)
                0x0100259c                UART2Support_dmaStopTx
 .text.UART2CC32XX_hwiIntFxn
                0x01002600      0x2d0 C:/ti/simplelink_cc32xx_sdk_7_10_00_13/source\ti/drivers/lib/gcc/m4/drivers_cc32xx.a(UART2CC32XX.c.obj)
 .text.UART2Support_enableInts
                0x010028d0       0x3c C:/ti/simplelink_cc32xx_sdk_7_10_00_13/source\ti/drivers/lib/gcc/m4/drivers_cc32xx.a(UART2CC32XX.c.obj)
                0x010028d0                UART2Support_enableInts
 .text.UART2Support_enableRx
                0x0100290c        0xc C:/ti/simplelink_cc32xx_sdk_7_10_00_13/source\ti/drivers/lib/gcc/m4/drivers_cc32xx.a(UART2CC32XX.c.obj)
                0x0100290c                UART2Support_enableRx
 .text.UART2Support_enableTx
                0x01002918        0xc C:/ti/simplelink_cc32xx_sdk_7_10_00_13/source\ti/drivers/lib/gcc/m4/drivers_cc32xx.a(UART2CC32XX.c.obj)
                0x01002918                UART2Support_enableTx
 .text.UART2Support_powerRelConstraint
                0x01002924        0x8 C:/ti/simplelink_cc32xx_sdk_7_10_00_13/source\ti/drivers/lib/gcc/m4/drivers_cc32xx.a(UART2CC32XX.c.obj)
                0x01002924                UART2Support_powerRelConstraint
 .text.UART2Support_powerSetConstraint
                0x0100292c        0x8 C:/ti/simplelink_cc32xx_sdk_7_10_00_13/source\ti/drivers/lib/gcc/m4/drivers_cc32xx.a(UART2CC32XX.c.obj)
                0x0100292c                UART2Support_powerSetConstraint
 .text.UART2Support_sendData
                0x01002934       0x2c C:/ti/simplelink_cc32xx_sdk_7_10_00_13/source\ti/drivers/lib/gcc/m4/drivers_cc32xx.a(UART2CC32XX.c.obj)
                0x01002934                UART2Support_sendData
 .text.UART2Support_txDone
                0x01002960       0x10 C:/ti/simplelink_cc32xx_sdk_7_10_00_13/source\ti/drivers/lib/gcc/m4/drivers_cc32xx.a(UART2CC32XX.c.obj)
                0x01002960                UART2Support_txDone
 .text.List_put
                0x01002970       0x2c C:/ti/simplelink_cc32xx_sdk_7_10_00_13/source\ti/drivers/lib/gcc/m4/drivers_cc32xx.a(List.c.obj)
                0x01002970                List_put
 .text.List_remove
                0x0100299c       0x30 C:/ti/simplelink_cc32xx_sdk_7_10_00_13/source\ti/drivers/lib/gcc/m4/drivers_cc32xx.a(List.c.obj)
                0x0100299c                List_remove
 .text.RingBuf_construct
                0x010029cc       0x14 C:/ti/simplelink_cc32xx_sdk_7_10_00_13/source\ti/drivers/lib/gcc/m4/drivers_cc32xx.a(RingBuf.c.obj)
                0x010029cc                RingBuf_construct
 .text.RingBuf_getConsume
                0x010029e0       0x30 C:/ti/simplelink_cc32xx_sdk_7_10_00_13/source\ti/drivers/lib/gcc/m4/drivers_cc32xx.a(RingBuf.c.obj)
                0x010029e0                RingBuf_getConsume
 .text.RingBuf_getCount
                0x01002a10        0x4 C:/ti/simplelink_cc32xx_sdk_7_10_00_13/source\ti/drivers/lib/gcc/m4/drivers_cc32xx.a(RingBuf.c.obj)
                0x01002a10                RingBuf_getCount
 .text.RingBuf_getPointer
                0x01002a14       0x28 C:/ti/simplelink_cc32xx_sdk_7_10_00_13/source\ti/drivers/lib/gcc/m4/drivers_cc32xx.a(RingBuf.c.obj)
                0x01002a14                RingBuf_getPointer
 .text.RingBuf_put
                0x01002a3c       0x48 C:/ti/simplelink_cc32xx_sdk_7_10_00_13/source\ti/drivers/lib/gcc/m4/drivers_cc32xx.a(RingBuf.c.obj)
                0x01002a3c                RingBuf_put
 .text.RingBuf_putAdvance
                0x01002a84       0x3c C:/ti/simplelink_cc32xx_sdk_7_10_00_13/source\ti/drivers/lib/gcc/m4/drivers_cc32xx.a(RingBuf.c.obj)
                0x01002a84                RingBuf_putAdvance
 .text.RingBuf_putPointer
                0x01002ac0       0x34 C:/ti/simplelink_cc32xx_sdk_7_10_00_13/source\ti/drivers/lib/gcc/m4/drivers_cc32xx.a(RingBuf.c.obj)
                0x01002ac0                RingBuf_putPointer
 .text.postNotifyFxn
                0x01002af4       0x14 C:/ti/simplelink_cc32xx_sdk_7_10_00_13/source\ti/drivers/lib/gcc/m4/drivers_cc32xx.a(UDMACC32XX.c.obj)
 .text.UDMACC32XX_close
                0x01002b08       0x40 C:/ti/simplelink_cc32xx_sdk_7_10_00_13/source\ti/drivers/lib/gcc/m4/drivers_cc32xx.a(UDMACC32XX.c.obj)
                0x01002b08                UDMACC32XX_close
 .text.UDMACC32XX_init
                0x01002b48       0x40 C:/ti/simplelink_cc32xx_sdk_7_10_00_13/source\ti/drivers/lib/gcc/m4/drivers_cc32xx.a(UDMACC32XX.c.obj)
                0x01002b48                UDMACC32XX_init
 .text.UDMACC32XX_open
                0x01002b88       0x70 C:/ti/simplelink_cc32xx_sdk_7_10_00_13/source\ti/drivers/lib/gcc/m4/drivers_cc32xx.a(UDMACC32XX.c.obj)
                0x01002b88                UDMACC32XX_open
 .text.NoRTOS_start
                0x01002bf8        0x4 C:/ti/simplelink_cc32xx_sdk_7_10_00_13/kernel/nortos\lib/gcc/m4/nortos_cc32xx.a(NoRTOS.c.obj)
                0x01002bf8                NoRTOS_start
 .text.clkFxn   0x01002bfc        0x4 C:/ti/simplelink_cc32xx_sdk_7_10_00_13/kernel/nortos\lib/gcc/m4/nortos_cc32xx.a(SemaphoreP_nortos.c.obj)
                0x01002bfc                clkFxn
 .text.SemaphoreP_constructBinary
                0x01002c00       0x3c C:/ti/simplelink_cc32xx_sdk_7_10_00_13/kernel/nortos\lib/gcc/m4/nortos_cc32xx.a(SemaphoreP_nortos.c.obj)
                0x01002c00                SemaphoreP_constructBinary
 .text.SemaphoreP_createBinary
                0x01002c3c       0x40 C:/ti/simplelink_cc32xx_sdk_7_10_00_13/kernel/nortos\lib/gcc/m4/nortos_cc32xx.a(SemaphoreP_nortos.c.obj)
                0x01002c3c                SemaphoreP_createBinary
 .text.SemaphoreP_destruct
                0x01002c7c        0x4 C:/ti/simplelink_cc32xx_sdk_7_10_00_13/kernel/nortos\lib/gcc/m4/nortos_cc32xx.a(SemaphoreP_nortos.c.obj)
                0x01002c7c                SemaphoreP_destruct
 .text.SemaphoreP_delete
                0x01002c80        0x4 C:/ti/simplelink_cc32xx_sdk_7_10_00_13/kernel/nortos\lib/gcc/m4/nortos_cc32xx.a(SemaphoreP_nortos.c.obj)
                0x01002c80                SemaphoreP_delete
 .text.SemaphoreP_pend
                0x01002c84       0xfc C:/ti/simplelink_cc32xx_sdk_7_10_00_13/kernel/nortos\lib/gcc/m4/nortos_cc32xx.a(SemaphoreP_nortos.c.obj)
                0x01002c84                SemaphoreP_pend
 .text.SemaphoreP_post
                0x01002d80       0x44 C:/ti/simplelink_cc32xx_sdk_7_10_00_13/kernel/nortos\lib/gcc/m4/nortos_cc32xx.a(SemaphoreP_nortos.c.obj)
                0x01002d80                SemaphoreP_post
 .text.ClockP_sysTickHandler
                0x01002dc4       0x7c C:/ti/simplelink_cc32xx_sdk_7_10_00_13/kernel/nortos\lib/gcc/m4/nortos_cc32xx.a(ClockPSysTick_nortos.c.obj)
                0x01002dc4                ClockP_sysTickHandler
 .text.ClockP_add
                0x01002e40       0x14 C:/ti/simplelink_cc32xx_sdk_7_10_00_13/kernel/nortos\lib/gcc/m4/nortos_cc32xx.a(ClockPSysTick_nortos.c.obj)
                0x01002e40                ClockP_add
 .text.ClockP_destruct
                0x01002e54       0x44 C:/ti/simplelink_cc32xx_sdk_7_10_00_13/kernel/nortos\lib/gcc/m4/nortos_cc32xx.a(ClockPSysTick_nortos.c.obj)
                0x01002e54                ClockP_destruct
 .text.ClockP_doTick
                0x01002e98        0x4 C:/ti/simplelink_cc32xx_sdk_7_10_00_13/kernel/nortos\lib/gcc/m4/nortos_cc32xx.a(ClockPSysTick_nortos.c.obj)
                0x01002e98                ClockP_doTick
 .text.ClockP_getCpuFreq
                0x01002e9c       0x10 C:/ti/simplelink_cc32xx_sdk_7_10_00_13/kernel/nortos\lib/gcc/m4/nortos_cc32xx.a(ClockPSysTick_nortos.c.obj)
                0x01002e9c                ClockP_getCpuFreq
 .text.ClockP_getSystemTicks
                0x01002eac       0x70 C:/ti/simplelink_cc32xx_sdk_7_10_00_13/kernel/nortos\lib/gcc/m4/nortos_cc32xx.a(ClockPSysTick_nortos.c.obj)
                0x01002eac                ClockP_getSystemTicks
 .text.ClockP_getTicksUntilInterrupt
                0x01002f1c       0x40 C:/ti/simplelink_cc32xx_sdk_7_10_00_13/kernel/nortos\lib/gcc/m4/nortos_cc32xx.a(ClockPSysTick_nortos.c.obj)
                0x01002f1c                ClockP_getTicksUntilInterrupt
 .text.ClockP_isActive
                0x01002f5c        0xc C:/ti/simplelink_cc32xx_sdk_7_10_00_13/kernel/nortos\lib/gcc/m4/nortos_cc32xx.a(ClockPSysTick_nortos.c.obj)
                0x01002f5c                ClockP_isActive
 .text.ClockP_setTicks
                0x01002f68       0x10 C:/ti/simplelink_cc32xx_sdk_7_10_00_13/kernel/nortos\lib/gcc/m4/nortos_cc32xx.a(ClockPSysTick_nortos.c.obj)
                0x01002f68                ClockP_setTicks
 .text.ClockP_start
                0x01002f78       0xa8 C:/ti/simplelink_cc32xx_sdk_7_10_00_13/kernel/nortos\lib/gcc/m4/nortos_cc32xx.a(ClockPSysTick_nortos.c.obj)
                0x01002f78                ClockP_start
 .text.ClockP_startup
                0x01003020       0x68 C:/ti/simplelink_cc32xx_sdk_7_10_00_13/kernel/nortos\lib/gcc/m4/nortos_cc32xx.a(ClockPSysTick_nortos.c.obj)
                0x01003020                ClockP_startup
 .text.HwiP_dispatch
                0x01003088       0x1c C:/ti/simplelink_cc32xx_sdk_7_10_00_13/kernel/nortos\lib/gcc/m4/nortos_cc32xx.a(HwiPCC32XX_nortos.c.obj)
                0x01003088                HwiP_dispatch
 .text.HwiP_enable
                0x010030a4        0x4 C:/ti/simplelink_cc32xx_sdk_7_10_00_13/kernel/nortos\lib/gcc/m4/nortos_cc32xx.a(HwiPCC32XX_nortos.c.obj)
                0x010030a4                HwiP_enable
 .text.HwiP_disable
                0x010030a8        0x8 C:/ti/simplelink_cc32xx_sdk_7_10_00_13/kernel/nortos\lib/gcc/m4/nortos_cc32xx.a(HwiPCC32XX_nortos.c.obj)
                0x010030a8                HwiP_disable
 .text.HwiP_restore
                0x010030b0        0x8 C:/ti/simplelink_cc32xx_sdk_7_10_00_13/kernel/nortos\lib/gcc/m4/nortos_cc32xx.a(HwiPCC32XX_nortos.c.obj)
                0x010030b0                HwiP_restore
 .text.HwiP_clearInterrupt
                0x010030b8        0x4 C:/ti/simplelink_cc32xx_sdk_7_10_00_13/kernel/nortos\lib/gcc/m4/nortos_cc32xx.a(HwiPCC32XX_nortos.c.obj)
                0x010030b8                HwiP_clearInterrupt
 .text.HwiP_destruct
                0x010030bc       0x14 C:/ti/simplelink_cc32xx_sdk_7_10_00_13/kernel/nortos\lib/gcc/m4/nortos_cc32xx.a(HwiPCC32XX_nortos.c.obj)
                0x010030bc                HwiP_destruct
 .text.HwiP_interruptsEnabled
                0x010030d0       0x10 C:/ti/simplelink_cc32xx_sdk_7_10_00_13/kernel/nortos\lib/gcc/m4/nortos_cc32xx.a(HwiPCC32XX_nortos.c.obj)
                0x010030d0                HwiP_interruptsEnabled
 .text.HwiP_construct
                0x010030e0       0x8c C:/ti/simplelink_cc32xx_sdk_7_10_00_13/kernel/nortos\lib/gcc/m4/nortos_cc32xx.a(HwiPCC32XX_nortos.c.obj)
                0x010030e0                HwiP_construct
 .text.HwiP_create
                0x0100316c       0x90 C:/ti/simplelink_cc32xx_sdk_7_10_00_13/kernel/nortos\lib/gcc/m4/nortos_cc32xx.a(HwiPCC32XX_nortos.c.obj)
                0x0100316c                HwiP_create
 .text.HwiP_Params_init
                0x010031fc       0x14 C:/ti/simplelink_cc32xx_sdk_7_10_00_13/kernel/nortos\lib/gcc/m4/nortos_cc32xx.a(HwiPCC32XX_nortos.c.obj)
                0x010031fc                HwiP_Params_init
 .text.HwiP_post
                0x01003210        0x4 C:/ti/simplelink_cc32xx_sdk_7_10_00_13/kernel/nortos\lib/gcc/m4/nortos_cc32xx.a(HwiPCC32XX_nortos.c.obj)
                0x01003210                HwiP_post
 .text.HwiP_inISR
                0x01003214       0x10 C:/ti/simplelink_cc32xx_sdk_7_10_00_13/kernel/nortos\lib/gcc/m4/nortos_cc32xx.a(HwiPCC32XX_nortos.c.obj)
                0x01003214                HwiP_inISR
 .text.PowerCC32XX_initPolicy
                0x01003224        0x4 C:/ti/simplelink_cc32xx_sdk_7_10_00_13/kernel/nortos\lib/gcc/m4/nortos_cc32xx.a(PowerCC32XX_nortos.c.obj)
                0x01003224                PowerCC32XX_initPolicy
 .text.PowerCC32XX_sleepPolicy
                0x01003228      0x220 C:/ti/simplelink_cc32xx_sdk_7_10_00_13/kernel/nortos\lib/gcc/m4/nortos_cc32xx.a(PowerCC32XX_nortos.c.obj)
                0x01003228                PowerCC32XX_sleepPolicy
 .text.nmiISR   0x01003448        0x4 C:/ti/simplelink_cc32xx_sdk_7_10_00_13/kernel/nortos\lib/gcc/m4/nortos_cc32xx.a(startup_cc32xx_gcc.c.obj)
 .text.faultISR
                0x0100344c        0x4 C:/ti/simplelink_cc32xx_sdk_7_10_00_13/kernel/nortos\lib/gcc/m4/nortos_cc32xx.a(startup_cc32xx_gcc.c.obj)
 .text.busFaultHandler
                0x01003450        0x4 C:/ti/simplelink_cc32xx_sdk_7_10_00_13/kernel/nortos\lib/gcc/m4/nortos_cc32xx.a(startup_cc32xx_gcc.c.obj)
 .text.defaultHandler
                0x01003454        0x4 C:/ti/simplelink_cc32xx_sdk_7_10_00_13/kernel/nortos\lib/gcc/m4/nortos_cc32xx.a(startup_cc32xx_gcc.c.obj)
 .text.resetISR
                0x01003458       0x14 C:/ti/simplelink_cc32xx_sdk_7_10_00_13/kernel/nortos\lib/gcc/m4/nortos_cc32xx.a(startup_cc32xx_gcc.c.obj)
                0x01003458                resetISR
 .text.localProgramStart
                0x0100346c       0xc4 C:/ti/simplelink_cc32xx_sdk_7_10_00_13/kernel/nortos\lib/gcc/m4/nortos_cc32xx.a(startup_cc32xx_gcc.c.obj)
                0x0100346c                localProgramStart
 .text._fini    0x01003530        0x4 C:/ti/simplelink_cc32xx_sdk_7_10_00_13/kernel/nortos\lib/gcc/m4/nortos_cc32xx.a(startup_cc32xx_gcc.c.obj)
                0x01003530                _fini
 .text.SwiP_disable
                0x01003534       0x1c C:/ti/simplelink_cc32xx_sdk_7_10_00_13/kernel/nortos\lib/gcc/m4/nortos_cc32xx.a(SwiP_nortos.c.obj)
                0x01003534                SwiP_disable
 .text.SwiP_restore
                0x01003550       0x48 C:/ti/simplelink_cc32xx_sdk_7_10_00_13/kernel/nortos\lib/gcc/m4/nortos_cc32xx.a(SwiP_nortos.c.obj)
                0x01003550                SwiP_restore
 .text.CPUcpsid
                0x01003598       0x16 C:/ti/simplelink_cc32xx_sdk_7_10_00_13/source\ti/devices/cc32xx/driverlib/gcc/Release/driverlib.a(cpu.obj)
                0x01003598                CPUcpsid
 .text.CPUprimask
                0x010035ae        0xc C:/ti/simplelink_cc32xx_sdk_7_10_00_13/source\ti/devices/cc32xx/driverlib/gcc/Release/driverlib.a(cpu.obj)
                0x010035ae                CPUprimask
 .text.CPUcpsie
                0x010035ba       0x16 C:/ti/simplelink_cc32xx_sdk_7_10_00_13/source\ti/devices/cc32xx/driverlib/gcc/Release/driverlib.a(cpu.obj)
                0x010035ba                CPUcpsie
 .text.CPUwfi   0x010035d0        0xe C:/ti/simplelink_cc32xx_sdk_7_10_00_13/source\ti/devices/cc32xx/driverlib/gcc/Release/driverlib.a(cpu.obj)
                0x010035d0                CPUwfi
 .text.GPIODirModeSet
                0x010035de       0x46 C:/ti/simplelink_cc32xx_sdk_7_10_00_13/source\ti/devices/cc32xx/driverlib/gcc/Release/driverlib.a(gpio.obj)
                0x010035de                GPIODirModeSet
 .text.GPIOIntTypeSet
                0x01003624       0xa2 C:/ti/simplelink_cc32xx_sdk_7_10_00_13/source\ti/devices/cc32xx/driverlib/gcc/Release/driverlib.a(gpio.obj)
                0x01003624                GPIOIntTypeSet
 .text.GPIOIntEnable
                0x010036c6       0x2a C:/ti/simplelink_cc32xx_sdk_7_10_00_13/source\ti/devices/cc32xx/driverlib/gcc/Release/driverlib.a(gpio.obj)
                0x010036c6                GPIOIntEnable
 .text.GPIOIntDisable
                0x010036f0       0x2a C:/ti/simplelink_cc32xx_sdk_7_10_00_13/source\ti/devices/cc32xx/driverlib/gcc/Release/driverlib.a(gpio.obj)
                0x010036f0                GPIOIntDisable
 .text.GPIOIntStatus
                0x0100371a       0x2e C:/ti/simplelink_cc32xx_sdk_7_10_00_13/source\ti/devices/cc32xx/driverlib/gcc/Release/driverlib.a(gpio.obj)
                0x0100371a                GPIOIntStatus
 .text.GPIOIntClear
                0x01003748       0x20 C:/ti/simplelink_cc32xx_sdk_7_10_00_13/source\ti/devices/cc32xx/driverlib/gcc/Release/driverlib.a(gpio.obj)
                0x01003748                GPIOIntClear
 .text.GPIOPinWrite
                0x01003768       0x2a C:/ti/simplelink_cc32xx_sdk_7_10_00_13/source\ti/devices/cc32xx/driverlib/gcc/Release/driverlib.a(gpio.obj)
                0x01003768                GPIOPinWrite
 .text.IntDefaultHandler
                0x01003792        0x6 C:/ti/simplelink_cc32xx_sdk_7_10_00_13/source\ti/devices/cc32xx/driverlib/gcc/Release/driverlib.a(interrupt.obj)
 .text.IntMasterEnable
                0x01003798       0x10 C:/ti/simplelink_cc32xx_sdk_7_10_00_13/source\ti/devices/cc32xx/driverlib/gcc/Release/driverlib.a(interrupt.obj)
                0x01003798                IntMasterEnable
 .text.IntMasterDisable
                0x010037a8       0x10 C:/ti/simplelink_cc32xx_sdk_7_10_00_13/source\ti/devices/cc32xx/driverlib/gcc/Release/driverlib.a(interrupt.obj)
                0x010037a8                IntMasterDisable
 .text.IntVTableBaseSet
                0x010037b8       0x1c C:/ti/simplelink_cc32xx_sdk_7_10_00_13/source\ti/devices/cc32xx/driverlib/gcc/Release/driverlib.a(interrupt.obj)
                0x010037b8                IntVTableBaseSet
 .text.IntRegister
                0x010037d4       0x2c C:/ti/simplelink_cc32xx_sdk_7_10_00_13/source\ti/devices/cc32xx/driverlib/gcc/Release/driverlib.a(interrupt.obj)
                0x010037d4                IntRegister
 .text.IntUnregister
                0x01003800       0x2c C:/ti/simplelink_cc32xx_sdk_7_10_00_13/source\ti/devices/cc32xx/driverlib/gcc/Release/driverlib.a(interrupt.obj)
                0x01003800                IntUnregister
 .text.IntPrioritySet
                0x0100382c       0x68 C:/ti/simplelink_cc32xx_sdk_7_10_00_13/source\ti/devices/cc32xx/driverlib/gcc/Release/driverlib.a(interrupt.obj)
                0x0100382c                IntPrioritySet
 .text.IntEnable
                0x01003894       0xbc C:/ti/simplelink_cc32xx_sdk_7_10_00_13/source\ti/devices/cc32xx/driverlib/gcc/Release/driverlib.a(interrupt.obj)
                0x01003894                IntEnable
 .text.IntDisable
                0x01003950       0xbc C:/ti/simplelink_cc32xx_sdk_7_10_00_13/source\ti/devices/cc32xx/driverlib/gcc/Release/driverlib.a(interrupt.obj)
                0x01003950                IntDisable
 .text.IntPendSet
                0x01003a0c       0x9c C:/ti/simplelink_cc32xx_sdk_7_10_00_13/source\ti/devices/cc32xx/driverlib/gcc/Release/driverlib.a(interrupt.obj)
                0x01003a0c                IntPendSet
 .text.IntPendClear
                0x01003aa8       0x68 C:/ti/simplelink_cc32xx_sdk_7_10_00_13/source\ti/devices/cc32xx/driverlib/gcc/Release/driverlib.a(interrupt.obj)
                0x01003aa8                IntPendClear
 .text.PinModeSet
                0x01003b10       0x48 C:/ti/simplelink_cc32xx_sdk_7_10_00_13/source\ti/devices/cc32xx/driverlib/gcc/Release/driverlib.a(pin.obj)
                0x01003b10                PinModeSet
 .text.PinModeGet
                0x01003b58       0x3c C:/ti/simplelink_cc32xx_sdk_7_10_00_13/source\ti/devices/cc32xx/driverlib/gcc/Release/driverlib.a(pin.obj)
                0x01003b58                PinModeGet
 .text.PinDirModeSet
                0x01003b94       0x44 C:/ti/simplelink_cc32xx_sdk_7_10_00_13/source\ti/devices/cc32xx/driverlib/gcc/Release/driverlib.a(pin.obj)
                0x01003b94                PinDirModeSet
 .text.PinDirModeGet
                0x01003bd8       0x3c C:/ti/simplelink_cc32xx_sdk_7_10_00_13/source\ti/devices/cc32xx/driverlib/gcc/Release/driverlib.a(pin.obj)
                0x01003bd8                PinDirModeGet
 .text.PinConfigGet
                0x01003c14       0x50 C:/ti/simplelink_cc32xx_sdk_7_10_00_13/source\ti/devices/cc32xx/driverlib/gcc/Release/driverlib.a(pin.obj)
                0x01003c14                PinConfigGet
 .text.PinConfigSet
                0x01003c64       0x9c C:/ti/simplelink_cc32xx_sdk_7_10_00_13/source\ti/devices/cc32xx/driverlib/gcc/Release/driverlib.a(pin.obj)
                0x01003c64                PinConfigSet
 .text.PinTypeUART
                0x01003d00       0x24 C:/ti/simplelink_cc32xx_sdk_7_10_00_13/source\ti/devices/cc32xx/driverlib/gcc/Release/driverlib.a(pin.obj)
                0x01003d00                PinTypeUART
 .text.PinLockLevelSet
                0x01003d24       0x68 C:/ti/simplelink_cc32xx_sdk_7_10_00_13/source\ti/devices/cc32xx/driverlib/gcc/Release/driverlib.a(pin.obj)
                0x01003d24                PinLockLevelSet
 .text.PinLock  0x01003d8c       0x40 C:/ti/simplelink_cc32xx_sdk_7_10_00_13/source\ti/devices/cc32xx/driverlib/gcc/Release/driverlib.a(pin.obj)
                0x01003d8c                PinLock
 .text.PinUnlock
                0x01003dcc       0x2c C:/ti/simplelink_cc32xx_sdk_7_10_00_13/source\ti/devices/cc32xx/driverlib/gcc/Release/driverlib.a(pin.obj)
                0x01003dcc                PinUnlock
 .text.PinToPadGet
                0x01003df8       0x24 C:/ti/simplelink_cc32xx_sdk_7_10_00_13/source\ti/devices/cc32xx/driverlib/gcc/Release/driverlib.a(pin.obj)
                0x01003df8                PinToPadGet
 .text.PRCMSysResetCauseGet
                0x01003e1c       0x78 C:/ti/simplelink_cc32xx_sdk_7_10_00_13/source\ti/devices/cc32xx/driverlib/gcc/Release/driverlib.a(prcm.obj)
                0x01003e1c                PRCMSysResetCauseGet
 .text.PRCMPeripheralClkEnable
                0x01003e94       0x6c C:/ti/simplelink_cc32xx_sdk_7_10_00_13/source\ti/devices/cc32xx/driverlib/gcc/Release/driverlib.a(prcm.obj)
                0x01003e94                PRCMPeripheralClkEnable
 .text.PRCMPeripheralClkDisable
                0x01003f00       0x48 C:/ti/simplelink_cc32xx_sdk_7_10_00_13/source\ti/devices/cc32xx/driverlib/gcc/Release/driverlib.a(prcm.obj)
                0x01003f00                PRCMPeripheralClkDisable
 .text.PRCMPeripheralReset
                0x01003f48       0x8c C:/ti/simplelink_cc32xx_sdk_7_10_00_13/source\ti/devices/cc32xx/driverlib/gcc/Release/driverlib.a(prcm.obj)
                0x01003f48                PRCMPeripheralReset
 .text.PRCMPeripheralStatusGet
                0x01003fd4       0x40 C:/ti/simplelink_cc32xx_sdk_7_10_00_13/source\ti/devices/cc32xx/driverlib/gcc/Release/driverlib.a(prcm.obj)
                0x01003fd4                PRCMPeripheralStatusGet
 .text.PRCMLPDSRestoreInfoSet
                0x01004014       0x50 C:/ti/simplelink_cc32xx_sdk_7_10_00_13/source\ti/devices/cc32xx/driverlib/gcc/Release/driverlib.a(prcm.obj)
                0x01004014                PRCMLPDSRestoreInfoSet
 .text.PRCMLPDSEnter
                0x01004064       0x50 C:/ti/simplelink_cc32xx_sdk_7_10_00_13/source\ti/devices/cc32xx/driverlib/gcc/Release/driverlib.a(prcm.obj)
                0x01004064                PRCMLPDSEnter
 .text.PRCMLPDSEnterKeepDebugIf
                0x010040b4       0x40 C:/ti/simplelink_cc32xx_sdk_7_10_00_13/source\ti/devices/cc32xx/driverlib/gcc/Release/driverlib.a(prcm.obj)
                0x010040b4                PRCMLPDSEnterKeepDebugIf
 .text.PRCMLPDSWakeupSourceEnable
                0x010040f4       0x30 C:/ti/simplelink_cc32xx_sdk_7_10_00_13/source\ti/devices/cc32xx/driverlib/gcc/Release/driverlib.a(prcm.obj)
                0x010040f4                PRCMLPDSWakeupSourceEnable
 .text.PRCMLPDSWakeupSourceDisable
                0x01004124       0x24 C:/ti/simplelink_cc32xx_sdk_7_10_00_13/source\ti/devices/cc32xx/driverlib/gcc/Release/driverlib.a(prcm.obj)
                0x01004124                PRCMLPDSWakeupSourceDisable
 .text.PRCMLPDSWakeupCauseGet
                0x01004148       0x14 C:/ti/simplelink_cc32xx_sdk_7_10_00_13/source\ti/devices/cc32xx/driverlib/gcc/Release/driverlib.a(prcm.obj)
                0x01004148                PRCMLPDSWakeupCauseGet
 .text.PRCMLPDSIntervalSet
                0x0100415c       0x34 C:/ti/simplelink_cc32xx_sdk_7_10_00_13/source\ti/devices/cc32xx/driverlib/gcc/Release/driverlib.a(prcm.obj)
                0x0100415c                PRCMLPDSIntervalSet
 .text.PRCMLPDSWakeUpGPIOSelect
                0x01004190       0x2c C:/ti/simplelink_cc32xx_sdk_7_10_00_13/source\ti/devices/cc32xx/driverlib/gcc/Release/driverlib.a(prcm.obj)
                0x01004190                PRCMLPDSWakeUpGPIOSelect
 .text.PRCMSleepEnter
                0x010041bc        0xc C:/ti/simplelink_cc32xx_sdk_7_10_00_13/source\ti/devices/cc32xx/driverlib/gcc/Release/driverlib.a(prcm.obj)
                0x010041bc                PRCMSleepEnter
 .text.PRCMSRAMRetentionEnable
                0x010041c8       0x2c C:/ti/simplelink_cc32xx_sdk_7_10_00_13/source\ti/devices/cc32xx/driverlib/gcc/Release/driverlib.a(prcm.obj)
                0x010041c8                PRCMSRAMRetentionEnable
 .text.PRCMHibernateWakeupSourceEnable
                0x010041f4       0x50 C:/ti/simplelink_cc32xx_sdk_7_10_00_13/source\ti/devices/cc32xx/driverlib/gcc/Release/driverlib.a(prcm.obj)
                0x010041f4                PRCMHibernateWakeupSourceEnable
 .text.PRCMHibernateWakeupSourceDisable
                0x01004244       0x54 C:/ti/simplelink_cc32xx_sdk_7_10_00_13/source\ti/devices/cc32xx/driverlib/gcc/Release/driverlib.a(prcm.obj)
                0x01004244                PRCMHibernateWakeupSourceDisable
 .text.PRCMHibernateWakeUpGPIOSelect
                0x01004298       0x74 C:/ti/simplelink_cc32xx_sdk_7_10_00_13/source\ti/devices/cc32xx/driverlib/gcc/Release/driverlib.a(prcm.obj)
                0x01004298                PRCMHibernateWakeUpGPIOSelect
 .text.PRCMSlowClkCtrFastGet
                0x0100430c       0x5c C:/ti/simplelink_cc32xx_sdk_7_10_00_13/source\ti/devices/cc32xx/driverlib/gcc/Release/driverlib.a(prcm.obj)
                0x0100430c                PRCMSlowClkCtrFastGet
 .text.PRCMIntEnable
                0x01004368       0x48 C:/ti/simplelink_cc32xx_sdk_7_10_00_13/source\ti/devices/cc32xx/driverlib/gcc/Release/driverlib.a(prcm.obj)
                0x01004368                PRCMIntEnable
 .text.PRCMCC3200MCUInit
                0x010043b0      0x478 C:/ti/simplelink_cc32xx_sdk_7_10_00_13/source\ti/devices/cc32xx/driverlib/gcc/Release/driverlib.a(prcm.obj)
                0x010043b0                PRCMCC3200MCUInit
 .text.PRCMHIBRegRead
                0x01004828       0x20 C:/ti/simplelink_cc32xx_sdk_7_10_00_13/source\ti/devices/cc32xx/driverlib/gcc/Release/driverlib.a(prcm.obj)
                0x01004828                PRCMHIBRegRead
 .text.PRCMHIBRegWrite
                0x01004848       0x20 C:/ti/simplelink_cc32xx_sdk_7_10_00_13/source\ti/devices/cc32xx/driverlib/gcc/Release/driverlib.a(prcm.obj)
                0x01004848                PRCMHIBRegWrite
 .text.SysTickEnable
                0x01004868       0x1c C:/ti/simplelink_cc32xx_sdk_7_10_00_13/source\ti/devices/cc32xx/driverlib/gcc/Release/driverlib.a(systick.obj)
                0x01004868                SysTickEnable
 .text.SysTickIntEnable
                0x01004884       0x1c C:/ti/simplelink_cc32xx_sdk_7_10_00_13/source\ti/devices/cc32xx/driverlib/gcc/Release/driverlib.a(systick.obj)
                0x01004884                SysTickIntEnable
 .text.SysTickIntDisable
                0x010048a0       0x1c C:/ti/simplelink_cc32xx_sdk_7_10_00_13/source\ti/devices/cc32xx/driverlib/gcc/Release/driverlib.a(systick.obj)
                0x010048a0                SysTickIntDisable
 .text.SysTickPeriodSet
                0x010048bc       0x20 C:/ti/simplelink_cc32xx_sdk_7_10_00_13/source\ti/devices/cc32xx/driverlib/gcc/Release/driverlib.a(systick.obj)
                0x010048bc                SysTickPeriodSet
 .text.UARTFIFOLevelSet
                0x010048dc       0x24 C:/ti/simplelink_cc32xx_sdk_7_10_00_13/source\ti/devices/cc32xx/driverlib/gcc/Release/driverlib.a(uart.obj)
                0x010048dc                UARTFIFOLevelSet
 .text.UARTConfigSetExpClk
                0x01004900       0x92 C:/ti/simplelink_cc32xx_sdk_7_10_00_13/source\ti/devices/cc32xx/driverlib/gcc/Release/driverlib.a(uart.obj)
                0x01004900                UARTConfigSetExpClk
 .text.UARTEnable
                0x01004992       0x36 C:/ti/simplelink_cc32xx_sdk_7_10_00_13/source\ti/devices/cc32xx/driverlib/gcc/Release/driverlib.a(uart.obj)
                0x01004992                UARTEnable
 .text.UARTDisable
                0x010049c8       0x46 C:/ti/simplelink_cc32xx_sdk_7_10_00_13/source\ti/devices/cc32xx/driverlib/gcc/Release/driverlib.a(uart.obj)
                0x010049c8                UARTDisable
 .text.UARTFlowControlSet
                0x01004a0e       0x2a C:/ti/simplelink_cc32xx_sdk_7_10_00_13/source\ti/devices/cc32xx/driverlib/gcc/Release/driverlib.a(uart.obj)
                0x01004a0e                UARTFlowControlSet
 .text.UARTCharsAvail
                0x01004a38       0x26 C:/ti/simplelink_cc32xx_sdk_7_10_00_13/source\ti/devices/cc32xx/driverlib/gcc/Release/driverlib.a(uart.obj)
                0x01004a38                UARTCharsAvail
 .text.UARTCharPutNonBlocking
                0x01004a5e       0x30 C:/ti/simplelink_cc32xx_sdk_7_10_00_13/source\ti/devices/cc32xx/driverlib/gcc/Release/driverlib.a(uart.obj)
                0x01004a5e                UARTCharPutNonBlocking
 .text.UARTBusy
                0x01004a8e       0x26 C:/ti/simplelink_cc32xx_sdk_7_10_00_13/source\ti/devices/cc32xx/driverlib/gcc/Release/driverlib.a(uart.obj)
                0x01004a8e                UARTBusy
 .text.UARTIntEnable
                0x01004ab4       0x26 C:/ti/simplelink_cc32xx_sdk_7_10_00_13/source\ti/devices/cc32xx/driverlib/gcc/Release/driverlib.a(uart.obj)
                0x01004ab4                UARTIntEnable
 .text.UARTIntDisable
                0x01004ada       0x26 C:/ti/simplelink_cc32xx_sdk_7_10_00_13/source\ti/devices/cc32xx/driverlib/gcc/Release/driverlib.a(uart.obj)
                0x01004ada                UARTIntDisable
 .text.UARTIntStatus
                0x01004b00       0x2a C:/ti/simplelink_cc32xx_sdk_7_10_00_13/source\ti/devices/cc32xx/driverlib/gcc/Release/driverlib.a(uart.obj)
                0x01004b00                UARTIntStatus
 .text.UARTIntClear
                0x01004b2a       0x1e C:/ti/simplelink_cc32xx_sdk_7_10_00_13/source\ti/devices/cc32xx/driverlib/gcc/Release/driverlib.a(uart.obj)
                0x01004b2a                UARTIntClear
 .text.UARTDMAEnable
                0x01004b48       0x26 C:/ti/simplelink_cc32xx_sdk_7_10_00_13/source\ti/devices/cc32xx/driverlib/gcc/Release/driverlib.a(uart.obj)
                0x01004b48                UARTDMAEnable
 .text.UARTDMADisable
                0x01004b6e       0x26 C:/ti/simplelink_cc32xx_sdk_7_10_00_13/source\ti/devices/cc32xx/driverlib/gcc/Release/driverlib.a(uart.obj)
                0x01004b6e                UARTDMADisable
 .text.UARTRxErrorGet
                0x01004b94       0x1c C:/ti/simplelink_cc32xx_sdk_7_10_00_13/source\ti/devices/cc32xx/driverlib/gcc/Release/driverlib.a(uart.obj)
                0x01004b94                UARTRxErrorGet
 .text.uDMAEnable
                0x01004bb0       0x18 C:/ti/simplelink_cc32xx_sdk_7_10_00_13/source\ti/devices/cc32xx/driverlib/gcc/Release/driverlib.a(udma.obj)
                0x01004bb0                uDMAEnable
 .text.uDMAErrorStatusGet
                0x01004bc8       0x14 C:/ti/simplelink_cc32xx_sdk_7_10_00_13/source\ti/devices/cc32xx/driverlib/gcc/Release/driverlib.a(udma.obj)
                0x01004bc8                uDMAErrorStatusGet
 .text.uDMAErrorStatusClear
                0x01004bdc       0x18 C:/ti/simplelink_cc32xx_sdk_7_10_00_13/source\ti/devices/cc32xx/driverlib/gcc/Release/driverlib.a(udma.obj)
                0x01004bdc                uDMAErrorStatusClear
 .text.uDMAChannelEnable
                0x01004bf4       0x24 C:/ti/simplelink_cc32xx_sdk_7_10_00_13/source\ti/devices/cc32xx/driverlib/gcc/Release/driverlib.a(udma.obj)
                0x01004bf4                uDMAChannelEnable
 .text.uDMAChannelDisable
                0x01004c18       0x24 C:/ti/simplelink_cc32xx_sdk_7_10_00_13/source\ti/devices/cc32xx/driverlib/gcc/Release/driverlib.a(udma.obj)
                0x01004c18                uDMAChannelDisable
 .text.uDMAChannelIsEnabled
                0x01004c3c       0x34 C:/ti/simplelink_cc32xx_sdk_7_10_00_13/source\ti/devices/cc32xx/driverlib/gcc/Release/driverlib.a(udma.obj)
                0x01004c3c                uDMAChannelIsEnabled
 .text.uDMAControlBaseSet
                0x01004c70       0x1c C:/ti/simplelink_cc32xx_sdk_7_10_00_13/source\ti/devices/cc32xx/driverlib/gcc/Release/driverlib.a(udma.obj)
                0x01004c70                uDMAControlBaseSet
 .text.uDMAChannelAttributeDisable
                0x01004c8c       0x7c C:/ti/simplelink_cc32xx_sdk_7_10_00_13/source\ti/devices/cc32xx/driverlib/gcc/Release/driverlib.a(udma.obj)
                0x01004c8c                uDMAChannelAttributeDisable
 .text.uDMAChannelControlSet
                0x01004d08       0x48 C:/ti/simplelink_cc32xx_sdk_7_10_00_13/source\ti/devices/cc32xx/driverlib/gcc/Release/driverlib.a(udma.obj)
                0x01004d08                uDMAChannelControlSet
 .text.uDMAChannelTransferSet
                0x01004d50      0x104 C:/ti/simplelink_cc32xx_sdk_7_10_00_13/source\ti/devices/cc32xx/driverlib/gcc/Release/driverlib.a(udma.obj)
                0x01004d50                uDMAChannelTransferSet
 .text.uDMAChannelSizeGet
                0x01004e54       0x48 C:/ti/simplelink_cc32xx_sdk_7_10_00_13/source\ti/devices/cc32xx/driverlib/gcc/Release/driverlib.a(udma.obj)
                0x01004e54                uDMAChannelSizeGet
 .text.uDMAIntClear
                0x01004e9c       0x1c C:/ti/simplelink_cc32xx_sdk_7_10_00_13/source\ti/devices/cc32xx/driverlib/gcc/Release/driverlib.a(udma.obj)
                0x01004e9c                uDMAIntClear
 .text.uDMAChannelAssign
                0x01004eb8       0x58 C:/ti/simplelink_cc32xx_sdk_7_10_00_13/source\ti/devices/cc32xx/driverlib/gcc/Release/driverlib.a(udma.obj)
                0x01004eb8                uDMAChannelAssign
 .text.UtilsDelay
                0x01004f10        0xa C:/ti/simplelink_cc32xx_sdk_7_10_00_13/source\ti/devices/cc32xx/driverlib/gcc/Release/driverlib.a(utils.obj)
                0x01004f10                UtilsDelay
 *fill*         0x01004f1a        0x2 
 .text.FlashDisable
                0x01004f1c       0x50 C:/ti/simplelink_cc32xx_sdk_7_10_00_13/source\ti/devices/cc32xx/driverlib/gcc/Release/driverlib.a(flash.obj)
                0x01004f1c                FlashDisable
 .text.malloc   0x01004f6c       0x10 C:/ti/ccs1270/ccs/tools/compiler/gcc-arm-none-eabi-9-2019-q4-major/arm-none-eabi/lib/thumb/v7e-m/nofp\libc_nano.a(lib_a-malloc.o)
                0x01004f6c                malloc
 .text.free     0x01004f7c       0x10 C:/ti/ccs1270/ccs/tools/compiler/gcc-arm-none-eabi-9-2019-q4-major/arm-none-eabi/lib/thumb/v7e-m/nofp\libc_nano.a(lib_a-malloc.o)
                0x01004f7c                free
 .text.memcpy   0x01004f8c       0x1c C:/ti/ccs1270/ccs/tools/compiler/gcc-arm-none-eabi-9-2019-q4-major/arm-none-eabi/lib/thumb/v7e-m/nofp\libc_nano.a(lib_a-memcpy-stub.o)
                0x01004f8c                memcpy
 .text.memset   0x01004fa8       0x10 C:/ti/ccs1270/ccs/tools/compiler/gcc-arm-none-eabi-9-2019-q4-major/arm-none-eabi/lib/thumb/v7e-m/nofp\libc_nano.a(lib_a-memset.o)
                0x01004fa8                memset
 .text._free_r  0x01004fb8       0x9c C:/ti/ccs1270/ccs/tools/compiler/gcc-arm-none-eabi-9-2019-q4-major/arm-none-eabi/lib/thumb/v7e-m/nofp\libc_nano.a(lib_a-nano-freer.o)
                0x01004fb8                _free_r
 .text._malloc_r
                0x01005054       0xb4 C:/ti/ccs1270/ccs/tools/compiler/gcc-arm-none-eabi-9-2019-q4-major/arm-none-eabi/lib/thumb/v7e-m/nofp\libc_nano.a(lib_a-nano-mallocr.o)
                0x01005054                _malloc_r
 .text._sbrk_r  0x01005108       0x20 C:/ti/ccs1270/ccs/tools/compiler/gcc-arm-none-eabi-9-2019-q4-major/arm-none-eabi/lib/thumb/v7e-m/nofp\libc_nano.a(lib_a-sbrkr.o)
                0x01005108                _sbrk_r
 .text.__malloc_lock
                0x01005128        0xc C:/ti/ccs1270/ccs/tools/compiler/gcc-arm-none-eabi-9-2019-q4-major/arm-none-eabi/lib/thumb/v7e-m/nofp\libc_nano.a(lib_a-mlock.o)
                0x01005128                __malloc_lock
 .text.__malloc_unlock
                0x01005134        0xc C:/ti/ccs1270/ccs/tools/compiler/gcc-arm-none-eabi-9-2019-q4-major/arm-none-eabi/lib/thumb/v7e-m/nofp\libc_nano.a(lib_a-mlock.o)
                0x01005134                __malloc_unlock
 .text.__retarget_lock_acquire_recursive
                0x01005140        0x2 C:/ti/ccs1270/ccs/tools/compiler/gcc-arm-none-eabi-9-2019-q4-major/arm-none-eabi/lib/thumb/v7e-m/nofp\libc_nano.a(lib_a-lock.o)
                0x01005140                __retarget_lock_acquire_recursive
 .text.__retarget_lock_release_recursive
                0x01005142        0x2 C:/ti/ccs1270/ccs/tools/compiler/gcc-arm-none-eabi-9-2019-q4-major/arm-none-eabi/lib/thumb/v7e-m/nofp\libc_nano.a(lib_a-lock.o)
                0x01005142                __retarget_lock_release_recursive
 .text._sbrk    0x01005144       0x1c C:/ti/ccs1270/ccs/tools/compiler/gcc-arm-none-eabi-9-2019-q4-major/arm-none-eabi/lib/thumb/v7e-m/nofp\libnosys.a(sbrk.o)
                0x01005144                _sbrk
                0x01005160                . = ALIGN (0x4)
 *(.ctors)
                0x01005160                . = ALIGN (0x4)
 *(.dtors)
                0x01005160                . = ALIGN (0x4)
                0x01005160                __init_array_start = .
 *(.init_array*)
                0x01005160                __init_array_end = .
 *(.init)
 *(.fini*)
                [!provide]                PROVIDE (__etext = .)
                [!provide]                PROVIDE (_etext = .)
                [!provide]                PROVIDE (etext = .)

.glue_7         0x01005160        0x0
 .glue_7        0x01005160        0x0 linker stubs

.glue_7t        0x01005160        0x0
 .glue_7t       0x01005160        0x0 linker stubs

.vfp11_veneer   0x01005160        0x0
 .vfp11_veneer  0x01005160        0x0 linker stubs

.v4_bx          0x01005160        0x0
 .v4_bx         0x01005160        0x0 linker stubs

.iplt           0x01005160        0x0
 .iplt          0x01005160        0x0 ./main_nortos.o

.rodata         0x01005160      0x424
 *(.rodata)
 *(.rodata*)
 .rodata.mainThread.str1.4
                0x01005160       0x16 ./uart2echo.o
 *fill*         0x01005176        0x2 
 .rodata.GPIO_config
                0x01005178       0x10 ./syscfg/ti_drivers_config.o
                0x01005178                GPIO_config
 .rodata.GPIO_pinUpperBound
                0x01005188        0x1 ./syscfg/ti_drivers_config.o
                0x01005188                GPIO_pinUpperBound
 *fill*         0x01005189        0x3 
 .rodata.PowerCC32XX_config
                0x0100518c       0x44 ./syscfg/ti_drivers_config.o
                0x0100518c                PowerCC32XX_config
 .rodata.UART2_config
                0x010051d0        0x8 ./syscfg/ti_drivers_config.o
                0x010051d0                UART2_config
 .rodata.UART2_count
                0x010051d8        0x1 ./syscfg/ti_drivers_config.o
                0x010051d8                UART2_count
 *fill*         0x010051d9        0x3 
 .rodata.UDMACC32XX_config
                0x010051dc        0x8 ./syscfg/ti_drivers_config.o
                0x010051dc                UDMACC32XX_config
 .rodata.uart2CC32XXHWAttrs0
                0x010051e4       0x38 ./syscfg/ti_drivers_config.o
 .rodata.udmaCC3220SHWAttrs
                0x0100521c        0xc ./syscfg/ti_drivers_config.o
                0x0100521c                udmaCC3220SHWAttrs
 .rodata.pinTable
                0x01005228       0x21 C:/ti/simplelink_cc32xx_sdk_7_10_00_13/source\ti/drivers/lib/gcc/m4/drivers_cc32xx.a(GPIOCC32XX.c.obj)
 *fill*         0x01005249        0x3 
 .rodata.portConfigs
                0x0100524c       0x28 C:/ti/simplelink_cc32xx_sdk_7_10_00_13/source\ti/drivers/lib/gcc/m4/drivers_cc32xx.a(GPIOCC32XX.c.obj)
 .rodata.UART2_defaultParams
                0x01005274       0x24 C:/ti/simplelink_cc32xx_sdk_7_10_00_13/source\ti/drivers/lib/gcc/m4/drivers_cc32xx.a(UART2.c.obj)
                0x01005274                UART2_defaultParams
 .rodata.dataLength
                0x01005298        0x4 C:/ti/simplelink_cc32xx_sdk_7_10_00_13/source\ti/drivers/lib/gcc/m4/drivers_cc32xx.a(UART2CC32XX.c.obj)
 .rodata.parityType
                0x0100529c        0x5 C:/ti/simplelink_cc32xx_sdk_7_10_00_13/source\ti/drivers/lib/gcc/m4/drivers_cc32xx.a(UART2CC32XX.c.obj)
 *fill*         0x010052a1        0x3 
 .rodata.stopBits
                0x010052a4        0x2 C:/ti/simplelink_cc32xx_sdk_7_10_00_13/source\ti/drivers/lib/gcc/m4/drivers_cc32xx.a(UART2CC32XX.c.obj)
 *fill*         0x010052a6        0x2 
 .rodata.g_pulRegs
                0x010052a8       0xd4 C:/ti/simplelink_cc32xx_sdk_7_10_00_13/source\ti/devices/cc32xx/driverlib/gcc/Release/driverlib.a(interrupt.obj)
 .rodata.g_pulEnRegs
                0x0100537c       0x18 C:/ti/simplelink_cc32xx_sdk_7_10_00_13/source\ti/devices/cc32xx/driverlib/gcc/Release/driverlib.a(interrupt.obj)
 .rodata.g_pulDisRegs
                0x01005394       0x18 C:/ti/simplelink_cc32xx_sdk_7_10_00_13/source\ti/devices/cc32xx/driverlib/gcc/Release/driverlib.a(interrupt.obj)
 .rodata.g_pulPendRegs
                0x010053ac       0x18 C:/ti/simplelink_cc32xx_sdk_7_10_00_13/source\ti/devices/cc32xx/driverlib/gcc/Release/driverlib.a(interrupt.obj)
 .rodata.g_pulUnpendRegs
                0x010053c4       0x18 C:/ti/simplelink_cc32xx_sdk_7_10_00_13/source\ti/devices/cc32xx/driverlib/gcc/Release/driverlib.a(interrupt.obj)
 .rodata.g_ulPinToPadMap
                0x010053dc      0x100 C:/ti/simplelink_cc32xx_sdk_7_10_00_13/source\ti/devices/cc32xx/driverlib/gcc/Release/driverlib.a(pin.obj)
 .rodata.PRCM_PeriphRegsList
                0x010054dc       0xa8 C:/ti/simplelink_cc32xx_sdk_7_10_00_13/source\ti/devices/cc32xx/driverlib/gcc/Release/driverlib.a(prcm.obj)

.data           0x2000030c      0x35c load address 0x01005584
                0x01005584                __data_load__ = LOADADDR (.data)
                0x2000030c                __data_start__ = .
 *(.data)
 *(.data*)
 .data.gpioPinConfigs
                0x2000030c       0x84 ./syscfg/ti_drivers_config.o
                0x2000030c                gpioPinConfigs
 .data.parkInfo
                0x20000390       0xf8 ./syscfg/ti_drivers_config.o
                0x20000390                parkInfo
 .data.PowerCC32XX_module
                0x20000488      0x16c C:/ti/simplelink_cc32xx_sdk_7_10_00_13/source\ti/drivers/lib/gcc/m4/drivers_cc32xx.a(PowerCC32XX.c.obj)
                0x20000488                PowerCC32XX_module
 .data.SemaphoreP_defaultParams
                0x200005f4        0x8 C:/ti/simplelink_cc32xx_sdk_7_10_00_13/kernel/nortos\lib/gcc/m4/nortos_cc32xx.a(SemaphoreP_nortos.c.obj)
                0x200005f4                SemaphoreP_defaultParams
 .data.ClockP_tickPeriod
                0x200005fc        0x4 C:/ti/simplelink_cc32xx_sdk_7_10_00_13/kernel/nortos\lib/gcc/m4/nortos_cc32xx.a(ClockPSysTick_nortos.c.obj)
                0x200005fc                ClockP_tickPeriod
 .data.HwiP_swiPIntNum
                0x20000600        0x4 C:/ti/simplelink_cc32xx_sdk_7_10_00_13/kernel/nortos\lib/gcc/m4/nortos_cc32xx.a(HwiPCC32XX_nortos.c.obj)
                0x20000600                HwiP_swiPIntNum
 .data._impure_ptr
                0x20000604        0x4 C:/ti/ccs1270/ccs/tools/compiler/gcc-arm-none-eabi-9-2019-q4-major/arm-none-eabi/lib/thumb/v7e-m/nofp\libc_nano.a(lib_a-impure.o)
                0x20000604                _impure_ptr
 .data.impure_data
                0x20000608       0x60 C:/ti/ccs1270/ccs/tools/compiler/gcc-arm-none-eabi-9-2019-q4-major/arm-none-eabi/lib/thumb/v7e-m/nofp\libc_nano.a(lib_a-impure.o)
                0x20000668                . = ALIGN (0x4)
                0x20000668                __data_end__ = .

.igot.plt       0x20000668        0x0 load address 0x010058e0
 .igot.plt      0x20000668        0x0 ./main_nortos.o

.ARM.exidx      0x010058e0        0x8
                0x010058e0                __exidx_start = .
 *(.ARM.exidx* .gnu.linkonce.armexidx.*)
 .ARM.exidx     0x010058e0        0x8 c:/ti/ccs1270/ccs/tools/compiler/gcc-arm-none-eabi-9-2019-q4-major/bin/../lib/gcc/arm-none-eabi/9.2.1/thumb/v7e-m/nofp\libgcc.a(_udivmoddi4.o)
                0x010058e8                __exidx_end = .

.rel.dyn        0x010058e8        0x0
 .rel.iplt      0x010058e8        0x0 ./main_nortos.o

.ARM.extab
 *(.ARM.extab* .gnu.linkonce.armextab.*)

.bss            0x20000800      0xb80
                0x20000800                __bss_start__ = .
 *(.shbss)
 *(.bss)
 *(.bss.*)
 .bss.dmaControlTable
                0x20000800      0x400 ./syscfg/ti_drivers_config.o
 .bss.uart2RxRingBuffer0
                0x20000c00       0x20 ./syscfg/ti_drivers_config.o
 .bss.uart2TxRingBuffer0
                0x20000c20       0x20 ./syscfg/ti_drivers_config.o
 .bss.initCalled
                0x20000c40        0x1 C:/ti/simplelink_cc32xx_sdk_7_10_00_13/source\ti/drivers/lib/gcc/m4/drivers_cc32xx.a(GPIOCC32XX.c.obj)
 *fill*         0x20000c41        0x3 
 .bss.initSem.4818
                0x20000c44        0x4 C:/ti/simplelink_cc32xx_sdk_7_10_00_13/source\ti/drivers/lib/gcc/m4/drivers_cc32xx.a(GPIOCC32XX.c.obj)
 .bss.portHwiCreatedBitMask
                0x20000c48        0x1 C:/ti/simplelink_cc32xx_sdk_7_10_00_13/source\ti/drivers/lib/gcc/m4/drivers_cc32xx.a(GPIOCC32XX.c.obj)
 *fill*         0x20000c49        0x3 
 .bss.powerNotifyObj
                0x20000c4c       0x14 C:/ti/simplelink_cc32xx_sdk_7_10_00_13/source\ti/drivers/lib/gcc/m4/drivers_cc32xx.a(GPIOCC32XX.c.obj)
 .bss.dmaInitialized
                0x20000c60        0x1 C:/ti/simplelink_cc32xx_sdk_7_10_00_13/source\ti/drivers/lib/gcc/m4/drivers_cc32xx.a(UDMACC32XX.c.obj)
 *fill*         0x20000c61        0x3 
 .bss.postNotifyObj
                0x20000c64       0x14 C:/ti/simplelink_cc32xx_sdk_7_10_00_13/source\ti/drivers/lib/gcc/m4/drivers_cc32xx.a(UDMACC32XX.c.obj)
 .bss.refCount  0x20000c78        0x4 C:/ti/simplelink_cc32xx_sdk_7_10_00_13/source\ti/drivers/lib/gcc/m4/drivers_cc32xx.a(UDMACC32XX.c.obj)
 .bss.SemaphoreP_initialized
                0x20000c7c        0x1 C:/ti/simplelink_cc32xx_sdk_7_10_00_13/kernel/nortos\lib/gcc/m4/nortos_cc32xx.a(SemaphoreP_nortos.c.obj)
 .bss.doEnablePolicy
                0x20000c7d        0x1 C:/ti/simplelink_cc32xx_sdk_7_10_00_13/kernel/nortos\lib/gcc/m4/nortos_cc32xx.a(SemaphoreP_nortos.c.obj)
 .bss.pendInProgress
                0x20000c7e        0x1 C:/ti/simplelink_cc32xx_sdk_7_10_00_13/kernel/nortos\lib/gcc/m4/nortos_cc32xx.a(SemaphoreP_nortos.c.obj)
 .bss.ClockP_initialized
                0x20000c7f        0x1 C:/ti/simplelink_cc32xx_sdk_7_10_00_13/kernel/nortos\lib/gcc/m4/nortos_cc32xx.a(ClockPSysTick_nortos.c.obj)
 .bss.sysTickPeriod
                0x20000c80        0x4 C:/ti/simplelink_cc32xx_sdk_7_10_00_13/kernel/nortos\lib/gcc/m4/nortos_cc32xx.a(ClockPSysTick_nortos.c.obj)
 .bss.HwiP_dispatchTable
                0x20000c84      0x30c C:/ti/simplelink_cc32xx_sdk_7_10_00_13/kernel/nortos\lib/gcc/m4/nortos_cc32xx.a(HwiPCC32XX_nortos.c.obj)
 .bss.SwiP_lockState
                0x20000f90        0x4 C:/ti/simplelink_cc32xx_sdk_7_10_00_13/kernel/nortos\lib/gcc/m4/nortos_cc32xx.a(SwiP_nortos.c.obj)
 .bss.SwiP_readyMask
                0x20000f94        0x4 C:/ti/simplelink_cc32xx_sdk_7_10_00_13/kernel/nortos\lib/gcc/m4/nortos_cc32xx.a(SwiP_nortos.c.obj)
 .bss.SwiP_schedulerRunning
                0x20000f98        0x1 C:/ti/simplelink_cc32xx_sdk_7_10_00_13/kernel/nortos\lib/gcc/m4/nortos_cc32xx.a(SwiP_nortos.c.obj)
 *fill*         0x20000f99        0x3 
 .bss.__malloc_free_list
                0x20000f9c        0x4 C:/ti/ccs1270/ccs/tools/compiler/gcc-arm-none-eabi-9-2019-q4-major/arm-none-eabi/lib/thumb/v7e-m/nofp\libc_nano.a(lib_a-nano-mallocr.o)
                0x20000f9c                __malloc_free_list
 .bss.__malloc_sbrk_start
                0x20000fa0        0x4 C:/ti/ccs1270/ccs/tools/compiler/gcc-arm-none-eabi-9-2019-q4-major/arm-none-eabi/lib/thumb/v7e-m/nofp\libc_nano.a(lib_a-nano-mallocr.o)
                0x20000fa0                __malloc_sbrk_start
 .bss.heap_end.4144
                0x20000fa4        0x4 C:/ti/ccs1270/ccs/tools/compiler/gcc-arm-none-eabi-9-2019-q4-major/arm-none-eabi/lib/thumb/v7e-m/nofp\libnosys.a(sbrk.o)
 *(COMMON)
 COMMON         0x20000fa8      0x288 ./syscfg/ti_drivers_config.o
                0x20000fa8                gpioCallbackFunctions
                0x2000102c                uart2CC32XXObjects0
                0x200011a4                udmaCC3220SObject
                0x200011ac                gpioUserArgs
 COMMON         0x20001230      0x12c C:/ti/simplelink_cc32xx_sdk_7_10_00_13/source\ti/drivers/lib/gcc/m4/drivers_cc32xx.a(PowerCC32XX.c.obj)
                0x20001230                PowerCC32XX_contextSave
 *fill*         0x2000135c        0x4 
 COMMON         0x20001360       0x10 C:/ti/simplelink_cc32xx_sdk_7_10_00_13/kernel/nortos\lib/gcc/m4/nortos_cc32xx.a(ClockPSysTick_nortos.c.obj)
                0x20001360                ClockP_ctrl
 COMMON         0x20001370        0x4 C:/ti/ccs1270/ccs/tools/compiler/gcc-arm-none-eabi-9-2019-q4-major/arm-none-eabi/lib/thumb/v7e-m/nofp\libc_nano.a(lib_a-reent.o)
                0x20001370                errno
 COMMON         0x20001374        0x9 C:/ti/ccs1270/ccs/tools/compiler/gcc-arm-none-eabi-9-2019-q4-major/arm-none-eabi/lib/thumb/v7e-m/nofp\libc_nano.a(lib_a-lock.o)
                0x20001374                __lock___atexit_recursive_mutex
                0x20001375                __lock___arc4random_mutex
                0x20001376                __lock___env_recursive_mutex
                0x20001377                __lock___sinit_recursive_mutex
                0x20001378                __lock___malloc_recursive_mutex
                0x20001379                __lock___at_quick_exit_mutex
                0x2000137a                __lock___dd_hash_mutex
                0x2000137b                __lock___tz_mutex
                0x2000137c                __lock___sfp_recursive_mutex
                0x20001380                . = ALIGN (0x4)
 *fill*         0x2000137d        0x3 
                0x20001380                __bss_end__ = .

.heap           0x20001380     0x8000
                0x20001380                __heap_start__ = .
                0x20001380                end = __heap_start__
                0x20001380                _end = end
                0x20001380                __end = end
                0x20009380                . = (. + HEAP_SIZE)
 *fill*         0x20001380     0x8000 
 *(.heap)
                0x20009380                __heap_end__ = .
                0x20009380                __HeapLimit = __heap_end__

.stack          0x20009380     0x1000
                0x20009380                _stack = .
                0x20009380                __stack = .
 *(.stack)
                0x2000a380                . = (. + STACKSIZE)
 *fill*         0x20009380     0x1000 
                0x2000a380                _stack_end = .
                0x2000a380                __stack_end = .

.log_data
 *(.log_data)

.log_ptr
 *(.log_ptr*)
LOAD C:/Users/zman6/workspace_v12/uart2echo_CC3220SF_LAUNCHXL_nortos_gcc/MCU+Image/syscfg\ti_utils_build_linker.cmd.genlibs
LOAD C:/ti/simplelink_cc32xx_sdk_7_10_00_13/source\ti/drivers/lib/gcc/m4/drivers_cc32xx.a
LOAD C:/ti/simplelink_cc32xx_sdk_7_10_00_13/source\ti/grlib/lib/gcc/m4/grlib.a
LOAD C:/ti/simplelink_cc32xx_sdk_7_10_00_13/kernel/nortos\lib/gcc/m4/nortos_cc32xx.a
LOAD C:/ti/simplelink_cc32xx_sdk_7_10_00_13/source\ti/devices/cc32xx/driverlib/gcc/Release/driverlib.a
LOAD c:/ti/ccs1270/ccs/tools/compiler/gcc-arm-none-eabi-9-2019-q4-major/bin/../lib/gcc/arm-none-eabi/9.2.1/thumb/v7e-m/nofp\libgcc.a
LOAD C:/ti/ccs1270/ccs/tools/compiler/gcc-arm-none-eabi-9-2019-q4-major/arm-none-eabi/lib/thumb/v7e-m/nofp\libc_nano.a
LOAD C:/ti/ccs1270/ccs/tools/compiler/gcc-arm-none-eabi-9-2019-q4-major/arm-none-eabi/lib/thumb/v7e-m/nofp\libm.a
LOAD C:/ti/ccs1270/ccs/tools/compiler/gcc-arm-none-eabi-9-2019-q4-major/arm-none-eabi/lib/thumb/v7e-m/nofp\libnosys.a
START GROUP
LOAD c:/ti/ccs1270/ccs/tools/compiler/gcc-arm-none-eabi-9-2019-q4-major/bin/../lib/gcc/arm-none-eabi/9.2.1/thumb/v7e-m/nofp\libgcc.a
LOAD C:/ti/ccs1270/ccs/tools/compiler/gcc-arm-none-eabi-9-2019-q4-major/arm-none-eabi/lib/thumb/v7e-m/nofp\libg_nano.a
LOAD C:/ti/ccs1270/ccs/tools/compiler/gcc-arm-none-eabi-9-2019-q4-major/arm-none-eabi/lib/thumb/v7e-m/nofp\libc_nano.a
END GROUP
START GROUP
LOAD c:/ti/ccs1270/ccs/tools/compiler/gcc-arm-none-eabi-9-2019-q4-major/bin/../lib/gcc/arm-none-eabi/9.2.1/thumb/v7e-m/nofp\libgcc.a
LOAD C:/ti/ccs1270/ccs/tools/compiler/gcc-arm-none-eabi-9-2019-q4-major/arm-none-eabi/lib/thumb/v7e-m/nofp\libc_nano.a
END GROUP
OUTPUT(uart2echo_CC3220SF_LAUNCHXL_nortos_gcc.out elf32-littlearm)

.debug_info     0x00000000    0x15358
 .debug_info    0x00000000       0x82 ./main_nortos.o
 .debug_info    0x00000082      0x4b4 ./uart2echo.o
 .debug_info    0x00000536      0xf85 ./syscfg/ti_drivers_config.o
 .debug_info    0x000014bb     0x10c8 C:/ti/simplelink_cc32xx_sdk_7_10_00_13/source\ti/drivers/lib/gcc/m4/drivers_cc32xx.a(GPIOCC32XX.c.obj)
 .debug_info    0x00002583     0x1f70 C:/ti/simplelink_cc32xx_sdk_7_10_00_13/source\ti/drivers/lib/gcc/m4/drivers_cc32xx.a(PowerCC32XX.c.obj)
 .debug_info    0x000044f3     0x2138 C:/ti/simplelink_cc32xx_sdk_7_10_00_13/source\ti/drivers/lib/gcc/m4/drivers_cc32xx.a(UART2.c.obj)
 .debug_info    0x0000662b     0x2db2 C:/ti/simplelink_cc32xx_sdk_7_10_00_13/source\ti/drivers/lib/gcc/m4/drivers_cc32xx.a(UART2CC32XX.c.obj)
 .debug_info    0x000093dd      0xc58 C:/ti/simplelink_cc32xx_sdk_7_10_00_13/source\ti/drivers/lib/gcc/m4/drivers_cc32xx.a(List.c.obj)
 .debug_info    0x0000a035      0x811 C:/ti/simplelink_cc32xx_sdk_7_10_00_13/source\ti/drivers/lib/gcc/m4/drivers_cc32xx.a(RingBuf.c.obj)
 .debug_info    0x0000a846      0x632 C:/ti/simplelink_cc32xx_sdk_7_10_00_13/source\ti/drivers/lib/gcc/m4/drivers_cc32xx.a(UDMACC32XX.c.obj)
 .debug_info    0x0000ae78      0x1ec C:/ti/simplelink_cc32xx_sdk_7_10_00_13/kernel/nortos\lib/gcc/m4/nortos_cc32xx.a(NoRTOS.c.obj)
 .debug_info    0x0000b064     0x1498 C:/ti/simplelink_cc32xx_sdk_7_10_00_13/kernel/nortos\lib/gcc/m4/nortos_cc32xx.a(SemaphoreP_nortos.c.obj)
 .debug_info    0x0000c4fc     0x1b01 C:/ti/simplelink_cc32xx_sdk_7_10_00_13/kernel/nortos\lib/gcc/m4/nortos_cc32xx.a(ClockPSysTick_nortos.c.obj)
 .debug_info    0x0000dffd     0x17d2 C:/ti/simplelink_cc32xx_sdk_7_10_00_13/kernel/nortos\lib/gcc/m4/nortos_cc32xx.a(HwiPCC32XX_nortos.c.obj)
 .debug_info    0x0000f7cf      0x8aa C:/ti/simplelink_cc32xx_sdk_7_10_00_13/kernel/nortos\lib/gcc/m4/nortos_cc32xx.a(PowerCC32XX_nortos.c.obj)
 .debug_info    0x00010079      0xb83 C:/ti/simplelink_cc32xx_sdk_7_10_00_13/kernel/nortos\lib/gcc/m4/nortos_cc32xx.a(startup_cc32xx_gcc.c.obj)
 .debug_info    0x00010bfc     0x1a3a C:/ti/simplelink_cc32xx_sdk_7_10_00_13/kernel/nortos\lib/gcc/m4/nortos_cc32xx.a(SwiP_nortos.c.obj)
 .debug_info    0x00012636      0x109 C:/ti/simplelink_cc32xx_sdk_7_10_00_13/source\ti/devices/cc32xx/driverlib/gcc/Release/driverlib.a(cpu.obj)
 .debug_info    0x0001273f      0x3e6 C:/ti/simplelink_cc32xx_sdk_7_10_00_13/source\ti/devices/cc32xx/driverlib/gcc/Release/driverlib.a(gpio.obj)
 .debug_info    0x00012b25      0x3a3 C:/ti/simplelink_cc32xx_sdk_7_10_00_13/source\ti/devices/cc32xx/driverlib/gcc/Release/driverlib.a(interrupt.obj)
 .debug_info    0x00012ec8      0x545 C:/ti/simplelink_cc32xx_sdk_7_10_00_13/source\ti/devices/cc32xx/driverlib/gcc/Release/driverlib.a(pin.obj)
 .debug_info    0x0001340d      0xc9c C:/ti/simplelink_cc32xx_sdk_7_10_00_13/source\ti/devices/cc32xx/driverlib/gcc/Release/driverlib.a(prcm.obj)
 .debug_info    0x000140a9      0x10e C:/ti/simplelink_cc32xx_sdk_7_10_00_13/source\ti/devices/cc32xx/driverlib/gcc/Release/driverlib.a(systick.obj)
 .debug_info    0x000141b7      0x89d C:/ti/simplelink_cc32xx_sdk_7_10_00_13/source\ti/devices/cc32xx/driverlib/gcc/Release/driverlib.a(uart.obj)
 .debug_info    0x00014a54      0x58d C:/ti/simplelink_cc32xx_sdk_7_10_00_13/source\ti/devices/cc32xx/driverlib/gcc/Release/driverlib.a(udma.obj)
 .debug_info    0x00014fe1       0x52 C:/ti/simplelink_cc32xx_sdk_7_10_00_13/source\ti/devices/cc32xx/driverlib/gcc/Release/driverlib.a(utils.obj)
 .debug_info    0x00015033      0x325 C:/ti/simplelink_cc32xx_sdk_7_10_00_13/source\ti/devices/cc32xx/driverlib/gcc/Release/driverlib.a(flash.obj)

.debug_abbrev   0x00000000     0x4438
 .debug_abbrev  0x00000000       0x43 ./main_nortos.o
 .debug_abbrev  0x00000043      0x182 ./uart2echo.o
 .debug_abbrev  0x000001c5      0x235 ./syscfg/ti_drivers_config.o
 .debug_abbrev  0x000003fa      0x386 C:/ti/simplelink_cc32xx_sdk_7_10_00_13/source\ti/drivers/lib/gcc/m4/drivers_cc32xx.a(GPIOCC32XX.c.obj)
 .debug_abbrev  0x00000780      0x509 C:/ti/simplelink_cc32xx_sdk_7_10_00_13/source\ti/drivers/lib/gcc/m4/drivers_cc32xx.a(PowerCC32XX.c.obj)
 .debug_abbrev  0x00000c89      0x45a C:/ti/simplelink_cc32xx_sdk_7_10_00_13/source\ti/drivers/lib/gcc/m4/drivers_cc32xx.a(UART2.c.obj)
 .debug_abbrev  0x000010e3      0x54d C:/ti/simplelink_cc32xx_sdk_7_10_00_13/source\ti/drivers/lib/gcc/m4/drivers_cc32xx.a(UART2CC32XX.c.obj)
 .debug_abbrev  0x00001630      0x27b C:/ti/simplelink_cc32xx_sdk_7_10_00_13/source\ti/drivers/lib/gcc/m4/drivers_cc32xx.a(List.c.obj)
 .debug_abbrev  0x000018ab      0x249 C:/ti/simplelink_cc32xx_sdk_7_10_00_13/source\ti/drivers/lib/gcc/m4/drivers_cc32xx.a(RingBuf.c.obj)
 .debug_abbrev  0x00001af4      0x217 C:/ti/simplelink_cc32xx_sdk_7_10_00_13/source\ti/drivers/lib/gcc/m4/drivers_cc32xx.a(UDMACC32XX.c.obj)
 .debug_abbrev  0x00001d0b      0x116 C:/ti/simplelink_cc32xx_sdk_7_10_00_13/kernel/nortos\lib/gcc/m4/nortos_cc32xx.a(NoRTOS.c.obj)
 .debug_abbrev  0x00001e21      0x470 C:/ti/simplelink_cc32xx_sdk_7_10_00_13/kernel/nortos\lib/gcc/m4/nortos_cc32xx.a(SemaphoreP_nortos.c.obj)
 .debug_abbrev  0x00002291      0x5d6 C:/ti/simplelink_cc32xx_sdk_7_10_00_13/kernel/nortos\lib/gcc/m4/nortos_cc32xx.a(ClockPSysTick_nortos.c.obj)
 .debug_abbrev  0x00002867      0x4e6 C:/ti/simplelink_cc32xx_sdk_7_10_00_13/kernel/nortos\lib/gcc/m4/nortos_cc32xx.a(HwiPCC32XX_nortos.c.obj)
 .debug_abbrev  0x00002d4d      0x249 C:/ti/simplelink_cc32xx_sdk_7_10_00_13/kernel/nortos\lib/gcc/m4/nortos_cc32xx.a(PowerCC32XX_nortos.c.obj)
 .debug_abbrev  0x00002f96      0x301 C:/ti/simplelink_cc32xx_sdk_7_10_00_13/kernel/nortos\lib/gcc/m4/nortos_cc32xx.a(startup_cc32xx_gcc.c.obj)
 .debug_abbrev  0x00003297      0x523 C:/ti/simplelink_cc32xx_sdk_7_10_00_13/kernel/nortos\lib/gcc/m4/nortos_cc32xx.a(SwiP_nortos.c.obj)
 .debug_abbrev  0x000037ba       0xe0 C:/ti/simplelink_cc32xx_sdk_7_10_00_13/source\ti/devices/cc32xx/driverlib/gcc/Release/driverlib.a(cpu.obj)
 .debug_abbrev  0x0000389a      0x12e C:/ti/simplelink_cc32xx_sdk_7_10_00_13/source\ti/devices/cc32xx/driverlib/gcc/Release/driverlib.a(gpio.obj)
 .debug_abbrev  0x000039c8      0x15d C:/ti/simplelink_cc32xx_sdk_7_10_00_13/source\ti/devices/cc32xx/driverlib/gcc/Release/driverlib.a(interrupt.obj)
 .debug_abbrev  0x00003b25      0x158 C:/ti/simplelink_cc32xx_sdk_7_10_00_13/source\ti/devices/cc32xx/driverlib/gcc/Release/driverlib.a(pin.obj)
 .debug_abbrev  0x00003c7d      0x20f C:/ti/simplelink_cc32xx_sdk_7_10_00_13/source\ti/devices/cc32xx/driverlib/gcc/Release/driverlib.a(prcm.obj)
 .debug_abbrev  0x00003e8c       0xe4 C:/ti/simplelink_cc32xx_sdk_7_10_00_13/source\ti/devices/cc32xx/driverlib/gcc/Release/driverlib.a(systick.obj)
 .debug_abbrev  0x00003f70      0x145 C:/ti/simplelink_cc32xx_sdk_7_10_00_13/source\ti/devices/cc32xx/driverlib/gcc/Release/driverlib.a(uart.obj)
 .debug_abbrev  0x000040b5      0x186 C:/ti/simplelink_cc32xx_sdk_7_10_00_13/source\ti/devices/cc32xx/driverlib/gcc/Release/driverlib.a(udma.obj)
 .debug_abbrev  0x0000423b       0x4c C:/ti/simplelink_cc32xx_sdk_7_10_00_13/source\ti/devices/cc32xx/driverlib/gcc/Release/driverlib.a(utils.obj)
 .debug_abbrev  0x00004287      0x1b1 C:/ti/simplelink_cc32xx_sdk_7_10_00_13/source\ti/devices/cc32xx/driverlib/gcc/Release/driverlib.a(flash.obj)

.debug_aranges  0x00000000      0xea0
 .debug_aranges
                0x00000000       0x20 ./main_nortos.o
 .debug_aranges
                0x00000020       0x20 ./uart2echo.o
 .debug_aranges
                0x00000040       0x30 ./syscfg/ti_drivers_config.o
 .debug_aranges
                0x00000070       0x78 C:/ti/simplelink_cc32xx_sdk_7_10_00_13/source\ti/drivers/lib/gcc/m4/drivers_cc32xx.a(GPIOCC32XX.c.obj)
 .debug_aranges
                0x000000e8       0xf0 C:/ti/simplelink_cc32xx_sdk_7_10_00_13/source\ti/drivers/lib/gcc/m4/drivers_cc32xx.a(PowerCC32XX.c.obj)
 .debug_aranges
                0x000001d8       0x80 C:/ti/simplelink_cc32xx_sdk_7_10_00_13/source\ti/drivers/lib/gcc/m4/drivers_cc32xx.a(UART2.c.obj)
 .debug_aranges
                0x00000258       0xc8 C:/ti/simplelink_cc32xx_sdk_7_10_00_13/source\ti/drivers/lib/gcc/m4/drivers_cc32xx.a(UART2CC32XX.c.obj)
 .debug_aranges
                0x00000320       0x48 C:/ti/simplelink_cc32xx_sdk_7_10_00_13/source\ti/drivers/lib/gcc/m4/drivers_cc32xx.a(List.c.obj)
 .debug_aranges
                0x00000368       0x88 C:/ti/simplelink_cc32xx_sdk_7_10_00_13/source\ti/drivers/lib/gcc/m4/drivers_cc32xx.a(RingBuf.c.obj)
 .debug_aranges
                0x000003f0       0x38 C:/ti/simplelink_cc32xx_sdk_7_10_00_13/source\ti/drivers/lib/gcc/m4/drivers_cc32xx.a(UDMACC32XX.c.obj)
 .debug_aranges
                0x00000428       0x30 C:/ti/simplelink_cc32xx_sdk_7_10_00_13/kernel/nortos\lib/gcc/m4/nortos_cc32xx.a(NoRTOS.c.obj)
 .debug_aranges
                0x00000458       0x78 C:/ti/simplelink_cc32xx_sdk_7_10_00_13/kernel/nortos\lib/gcc/m4/nortos_cc32xx.a(SemaphoreP_nortos.c.obj)
 .debug_aranges
                0x000004d0       0xd0 C:/ti/simplelink_cc32xx_sdk_7_10_00_13/kernel/nortos\lib/gcc/m4/nortos_cc32xx.a(ClockPSysTick_nortos.c.obj)
 .debug_aranges
                0x000005a0       0xb8 C:/ti/simplelink_cc32xx_sdk_7_10_00_13/kernel/nortos\lib/gcc/m4/nortos_cc32xx.a(HwiPCC32XX_nortos.c.obj)
 .debug_aranges
                0x00000658       0x28 C:/ti/simplelink_cc32xx_sdk_7_10_00_13/kernel/nortos\lib/gcc/m4/nortos_cc32xx.a(PowerCC32XX_nortos.c.obj)
 .debug_aranges
                0x00000680       0x50 C:/ti/simplelink_cc32xx_sdk_7_10_00_13/kernel/nortos\lib/gcc/m4/nortos_cc32xx.a(startup_cc32xx_gcc.c.obj)
 .debug_aranges
                0x000006d0       0xa8 C:/ti/simplelink_cc32xx_sdk_7_10_00_13/kernel/nortos\lib/gcc/m4/nortos_cc32xx.a(SwiP_nortos.c.obj)
 .debug_aranges
                0x00000778       0x48 C:/ti/simplelink_cc32xx_sdk_7_10_00_13/source\ti/devices/cc32xx/driverlib/gcc/Release/driverlib.a(cpu.obj)
 .debug_aranges
                0x000007c0       0x90 C:/ti/simplelink_cc32xx_sdk_7_10_00_13/source\ti/devices/cc32xx/driverlib/gcc/Release/driverlib.a(gpio.obj)
 .debug_aranges
                0x00000850       0x98 C:/ti/simplelink_cc32xx_sdk_7_10_00_13/source\ti/devices/cc32xx/driverlib/gcc/Release/driverlib.a(interrupt.obj)
 .debug_aranges
                0x000008e8       0xc0 C:/ti/simplelink_cc32xx_sdk_7_10_00_13/source\ti/devices/cc32xx/driverlib/gcc/Release/driverlib.a(pin.obj)
 .debug_aranges
                0x000009a8      0x1d8 C:/ti/simplelink_cc32xx_sdk_7_10_00_13/source\ti/devices/cc32xx/driverlib/gcc/Release/driverlib.a(prcm.obj)
 .debug_aranges
                0x00000b80       0x60 C:/ti/simplelink_cc32xx_sdk_7_10_00_13/source\ti/devices/cc32xx/driverlib/gcc/Release/driverlib.a(systick.obj)
 .debug_aranges
                0x00000be0      0x140 C:/ti/simplelink_cc32xx_sdk_7_10_00_13/source\ti/devices/cc32xx/driverlib/gcc/Release/driverlib.a(uart.obj)
 .debug_aranges
                0x00000d20       0xd8 C:/ti/simplelink_cc32xx_sdk_7_10_00_13/source\ti/devices/cc32xx/driverlib/gcc/Release/driverlib.a(udma.obj)
 .debug_aranges
                0x00000df8       0x20 C:/ti/simplelink_cc32xx_sdk_7_10_00_13/source\ti/devices/cc32xx/driverlib/gcc/Release/driverlib.a(utils.obj)
 .debug_aranges
                0x00000e18       0x88 C:/ti/simplelink_cc32xx_sdk_7_10_00_13/source\ti/devices/cc32xx/driverlib/gcc/Release/driverlib.a(flash.obj)

.debug_ranges   0x00000000     0x16e0
 .debug_ranges  0x00000000       0x10 ./main_nortos.o
 .debug_ranges  0x00000010       0x10 ./uart2echo.o
 .debug_ranges  0x00000020       0x20 ./syscfg/ti_drivers_config.o
 .debug_ranges  0x00000040       0x68 C:/ti/simplelink_cc32xx_sdk_7_10_00_13/source\ti/drivers/lib/gcc/m4/drivers_cc32xx.a(GPIOCC32XX.c.obj)
 .debug_ranges  0x000000a8      0x220 C:/ti/simplelink_cc32xx_sdk_7_10_00_13/source\ti/drivers/lib/gcc/m4/drivers_cc32xx.a(PowerCC32XX.c.obj)
 .debug_ranges  0x000002c8       0x70 C:/ti/simplelink_cc32xx_sdk_7_10_00_13/source\ti/drivers/lib/gcc/m4/drivers_cc32xx.a(UART2.c.obj)
 .debug_ranges  0x00000338      0x228 C:/ti/simplelink_cc32xx_sdk_7_10_00_13/source\ti/drivers/lib/gcc/m4/drivers_cc32xx.a(UART2CC32XX.c.obj)
 .debug_ranges  0x00000560       0x38 C:/ti/simplelink_cc32xx_sdk_7_10_00_13/source\ti/drivers/lib/gcc/m4/drivers_cc32xx.a(List.c.obj)
 .debug_ranges  0x00000598       0xb0 C:/ti/simplelink_cc32xx_sdk_7_10_00_13/source\ti/drivers/lib/gcc/m4/drivers_cc32xx.a(RingBuf.c.obj)
 .debug_ranges  0x00000648       0x28 C:/ti/simplelink_cc32xx_sdk_7_10_00_13/source\ti/drivers/lib/gcc/m4/drivers_cc32xx.a(UDMACC32XX.c.obj)
 .debug_ranges  0x00000670       0x20 C:/ti/simplelink_cc32xx_sdk_7_10_00_13/kernel/nortos\lib/gcc/m4/nortos_cc32xx.a(NoRTOS.c.obj)
 .debug_ranges  0x00000690      0x280 C:/ti/simplelink_cc32xx_sdk_7_10_00_13/kernel/nortos\lib/gcc/m4/nortos_cc32xx.a(SemaphoreP_nortos.c.obj)
 .debug_ranges  0x00000910      0x460 C:/ti/simplelink_cc32xx_sdk_7_10_00_13/kernel/nortos\lib/gcc/m4/nortos_cc32xx.a(ClockPSysTick_nortos.c.obj)
 .debug_ranges  0x00000d70      0x100 C:/ti/simplelink_cc32xx_sdk_7_10_00_13/kernel/nortos\lib/gcc/m4/nortos_cc32xx.a(HwiPCC32XX_nortos.c.obj)
 .debug_ranges  0x00000e70       0x18 C:/ti/simplelink_cc32xx_sdk_7_10_00_13/kernel/nortos\lib/gcc/m4/nortos_cc32xx.a(PowerCC32XX_nortos.c.obj)
 .debug_ranges  0x00000e88       0x40 C:/ti/simplelink_cc32xx_sdk_7_10_00_13/kernel/nortos\lib/gcc/m4/nortos_cc32xx.a(startup_cc32xx_gcc.c.obj)
 .debug_ranges  0x00000ec8      0x178 C:/ti/simplelink_cc32xx_sdk_7_10_00_13/kernel/nortos\lib/gcc/m4/nortos_cc32xx.a(SwiP_nortos.c.obj)
 .debug_ranges  0x00001040       0x38 C:/ti/simplelink_cc32xx_sdk_7_10_00_13/source\ti/devices/cc32xx/driverlib/gcc/Release/driverlib.a(cpu.obj)
 .debug_ranges  0x00001078       0x80 C:/ti/simplelink_cc32xx_sdk_7_10_00_13/source\ti/devices/cc32xx/driverlib/gcc/Release/driverlib.a(gpio.obj)
 .debug_ranges  0x000010f8       0x88 C:/ti/simplelink_cc32xx_sdk_7_10_00_13/source\ti/devices/cc32xx/driverlib/gcc/Release/driverlib.a(interrupt.obj)
 .debug_ranges  0x00001180       0xb0 C:/ti/simplelink_cc32xx_sdk_7_10_00_13/source\ti/devices/cc32xx/driverlib/gcc/Release/driverlib.a(pin.obj)
 .debug_ranges  0x00001230      0x1e0 C:/ti/simplelink_cc32xx_sdk_7_10_00_13/source\ti/devices/cc32xx/driverlib/gcc/Release/driverlib.a(prcm.obj)
 .debug_ranges  0x00001410       0x50 C:/ti/simplelink_cc32xx_sdk_7_10_00_13/source\ti/devices/cc32xx/driverlib/gcc/Release/driverlib.a(systick.obj)
 .debug_ranges  0x00001460      0x130 C:/ti/simplelink_cc32xx_sdk_7_10_00_13/source\ti/devices/cc32xx/driverlib/gcc/Release/driverlib.a(uart.obj)
 .debug_ranges  0x00001590       0xc8 C:/ti/simplelink_cc32xx_sdk_7_10_00_13/source\ti/devices/cc32xx/driverlib/gcc/Release/driverlib.a(udma.obj)
 .debug_ranges  0x00001658       0x10 C:/ti/simplelink_cc32xx_sdk_7_10_00_13/source\ti/devices/cc32xx/driverlib/gcc/Release/driverlib.a(utils.obj)
 .debug_ranges  0x00001668       0x78 C:/ti/simplelink_cc32xx_sdk_7_10_00_13/source\ti/devices/cc32xx/driverlib/gcc/Release/driverlib.a(flash.obj)

.debug_line     0x00000000     0xdc36
 .debug_line    0x00000000       0x77 ./main_nortos.o
 .debug_line    0x00000077      0x431 ./uart2echo.o
 .debug_line    0x000004a8      0x4d8 ./syscfg/ti_drivers_config.o
 .debug_line    0x00000980      0xd44 C:/ti/simplelink_cc32xx_sdk_7_10_00_13/source\ti/drivers/lib/gcc/m4/drivers_cc32xx.a(GPIOCC32XX.c.obj)
 .debug_line    0x000016c4     0x1887 C:/ti/simplelink_cc32xx_sdk_7_10_00_13/source\ti/drivers/lib/gcc/m4/drivers_cc32xx.a(PowerCC32XX.c.obj)
 .debug_line    0x00002f4b      0xf8c C:/ti/simplelink_cc32xx_sdk_7_10_00_13/source\ti/drivers/lib/gcc/m4/drivers_cc32xx.a(UART2.c.obj)
 .debug_line    0x00003ed7     0x1623 C:/ti/simplelink_cc32xx_sdk_7_10_00_13/source\ti/drivers/lib/gcc/m4/drivers_cc32xx.a(UART2CC32XX.c.obj)
 .debug_line    0x000054fa      0x5f8 C:/ti/simplelink_cc32xx_sdk_7_10_00_13/source\ti/drivers/lib/gcc/m4/drivers_cc32xx.a(List.c.obj)
 .debug_line    0x00005af2      0x826 C:/ti/simplelink_cc32xx_sdk_7_10_00_13/source\ti/drivers/lib/gcc/m4/drivers_cc32xx.a(RingBuf.c.obj)
 .debug_line    0x00006318      0x740 C:/ti/simplelink_cc32xx_sdk_7_10_00_13/source\ti/drivers/lib/gcc/m4/drivers_cc32xx.a(UDMACC32XX.c.obj)
 .debug_line    0x00006a58      0x36d C:/ti/simplelink_cc32xx_sdk_7_10_00_13/kernel/nortos\lib/gcc/m4/nortos_cc32xx.a(NoRTOS.c.obj)
 .debug_line    0x00006dc5      0xbfc C:/ti/simplelink_cc32xx_sdk_7_10_00_13/kernel/nortos\lib/gcc/m4/nortos_cc32xx.a(SemaphoreP_nortos.c.obj)
 .debug_line    0x000079c1     0x11ae C:/ti/simplelink_cc32xx_sdk_7_10_00_13/kernel/nortos\lib/gcc/m4/nortos_cc32xx.a(ClockPSysTick_nortos.c.obj)
 .debug_line    0x00008b6f      0x950 C:/ti/simplelink_cc32xx_sdk_7_10_00_13/kernel/nortos\lib/gcc/m4/nortos_cc32xx.a(HwiPCC32XX_nortos.c.obj)
 .debug_line    0x000094bf      0x8bf C:/ti/simplelink_cc32xx_sdk_7_10_00_13/kernel/nortos\lib/gcc/m4/nortos_cc32xx.a(PowerCC32XX_nortos.c.obj)
 .debug_line    0x00009d7e      0x57f C:/ti/simplelink_cc32xx_sdk_7_10_00_13/kernel/nortos\lib/gcc/m4/nortos_cc32xx.a(startup_cc32xx_gcc.c.obj)
 .debug_line    0x0000a2fd      0xd94 C:/ti/simplelink_cc32xx_sdk_7_10_00_13/kernel/nortos\lib/gcc/m4/nortos_cc32xx.a(SwiP_nortos.c.obj)
 .debug_line    0x0000b091      0x113 C:/ti/simplelink_cc32xx_sdk_7_10_00_13/source\ti/devices/cc32xx/driverlib/gcc/Release/driverlib.a(cpu.obj)
 .debug_line    0x0000b1a4      0x402 C:/ti/simplelink_cc32xx_sdk_7_10_00_13/source\ti/devices/cc32xx/driverlib/gcc/Release/driverlib.a(gpio.obj)
 .debug_line    0x0000b5a6      0x3fa C:/ti/simplelink_cc32xx_sdk_7_10_00_13/source\ti/devices/cc32xx/driverlib/gcc/Release/driverlib.a(interrupt.obj)
 .debug_line    0x0000b9a0      0x3ed C:/ti/simplelink_cc32xx_sdk_7_10_00_13/source\ti/devices/cc32xx/driverlib/gcc/Release/driverlib.a(pin.obj)
 .debug_line    0x0000bd8d      0xd2b C:/ti/simplelink_cc32xx_sdk_7_10_00_13/source\ti/devices/cc32xx/driverlib/gcc/Release/driverlib.a(prcm.obj)
 .debug_line    0x0000cab8      0x15d C:/ti/simplelink_cc32xx_sdk_7_10_00_13/source\ti/devices/cc32xx/driverlib/gcc/Release/driverlib.a(systick.obj)
 .debug_line    0x0000cc15      0x634 C:/ti/simplelink_cc32xx_sdk_7_10_00_13/source\ti/devices/cc32xx/driverlib/gcc/Release/driverlib.a(uart.obj)
 .debug_line    0x0000d249      0x57b C:/ti/simplelink_cc32xx_sdk_7_10_00_13/source\ti/devices/cc32xx/driverlib/gcc/Release/driverlib.a(udma.obj)
 .debug_line    0x0000d7c4       0x8a C:/ti/simplelink_cc32xx_sdk_7_10_00_13/source\ti/devices/cc32xx/driverlib/gcc/Release/driverlib.a(utils.obj)
 .debug_line    0x0000d84e      0x3e8 C:/ti/simplelink_cc32xx_sdk_7_10_00_13/source\ti/devices/cc32xx/driverlib/gcc/Release/driverlib.a(flash.obj)

.debug_str      0x00000000     0x5281
 .debug_str     0x00000000      0x16f ./main_nortos.o
                                0x1a8 (size before relaxing)
 .debug_str     0x0000016f      0x3e6 ./uart2echo.o
                                0x5af (size before relaxing)
 .debug_str     0x00000555      0xa6c ./syscfg/ti_drivers_config.o
                               0x1014 (size before relaxing)
 .debug_str     0x00000fc1      0x585 C:/ti/simplelink_cc32xx_sdk_7_10_00_13/source\ti/drivers/lib/gcc/m4/drivers_cc32xx.a(GPIOCC32XX.c.obj)
                                0xaa4 (size before relaxing)
 .debug_str     0x00001546      0x93b C:/ti/simplelink_cc32xx_sdk_7_10_00_13/source\ti/drivers/lib/gcc/m4/drivers_cc32xx.a(PowerCC32XX.c.obj)
                               0x126c (size before relaxing)
 .debug_str     0x00001e81      0x7b2 C:/ti/simplelink_cc32xx_sdk_7_10_00_13/source\ti/drivers/lib/gcc/m4/drivers_cc32xx.a(UART2.c.obj)
                               0x103e (size before relaxing)
 .debug_str     0x00002633      0x537 C:/ti/simplelink_cc32xx_sdk_7_10_00_13/source\ti/drivers/lib/gcc/m4/drivers_cc32xx.a(UART2CC32XX.c.obj)
                               0x18ec (size before relaxing)
 .debug_str     0x00002b6a       0xf5 C:/ti/simplelink_cc32xx_sdk_7_10_00_13/source\ti/drivers/lib/gcc/m4/drivers_cc32xx.a(List.c.obj)
                                0x76c (size before relaxing)
 .debug_str     0x00002c5f      0x133 C:/ti/simplelink_cc32xx_sdk_7_10_00_13/source\ti/drivers/lib/gcc/m4/drivers_cc32xx.a(RingBuf.c.obj)
                                0x468 (size before relaxing)
 .debug_str     0x00002d92       0xf3 C:/ti/simplelink_cc32xx_sdk_7_10_00_13/source\ti/drivers/lib/gcc/m4/drivers_cc32xx.a(UDMACC32XX.c.obj)
                                0x5b9 (size before relaxing)
 .debug_str     0x00002e85      0x1dc C:/ti/simplelink_cc32xx_sdk_7_10_00_13/kernel/nortos\lib/gcc/m4/nortos_cc32xx.a(NoRTOS.c.obj)
                                0x3e7 (size before relaxing)
 .debug_str     0x00003061      0x21d C:/ti/simplelink_cc32xx_sdk_7_10_00_13/kernel/nortos\lib/gcc/m4/nortos_cc32xx.a(SemaphoreP_nortos.c.obj)
                                0xa16 (size before relaxing)
 .debug_str     0x0000327e      0x33c C:/ti/simplelink_cc32xx_sdk_7_10_00_13/kernel/nortos\lib/gcc/m4/nortos_cc32xx.a(ClockPSysTick_nortos.c.obj)
                                0xb73 (size before relaxing)
 .debug_str     0x000035ba      0x3b5 C:/ti/simplelink_cc32xx_sdk_7_10_00_13/kernel/nortos\lib/gcc/m4/nortos_cc32xx.a(HwiPCC32XX_nortos.c.obj)
                                0xb49 (size before relaxing)
 .debug_str     0x0000396f      0x200 C:/ti/simplelink_cc32xx_sdk_7_10_00_13/kernel/nortos\lib/gcc/m4/nortos_cc32xx.a(PowerCC32XX_nortos.c.obj)
                                0x7c1 (size before relaxing)
 .debug_str     0x00003b6f      0x1ca C:/ti/simplelink_cc32xx_sdk_7_10_00_13/kernel/nortos\lib/gcc/m4/nortos_cc32xx.a(startup_cc32xx_gcc.c.obj)
                                0x7fe (size before relaxing)
 .debug_str     0x00003d39      0x37a C:/ti/simplelink_cc32xx_sdk_7_10_00_13/kernel/nortos\lib/gcc/m4/nortos_cc32xx.a(SwiP_nortos.c.obj)
                                0xac2 (size before relaxing)
 .debug_str     0x000040b3      0x19f C:/ti/simplelink_cc32xx_sdk_7_10_00_13/source\ti/devices/cc32xx/driverlib/gcc/Release/driverlib.a(cpu.obj)
                                0x1bc (size before relaxing)
 .debug_str     0x00004252      0x140 C:/ti/simplelink_cc32xx_sdk_7_10_00_13/source\ti/devices/cc32xx/driverlib/gcc/Release/driverlib.a(gpio.obj)
                                0x2ec (size before relaxing)
 .debug_str     0x00004392      0x17f C:/ti/simplelink_cc32xx_sdk_7_10_00_13/source\ti/devices/cc32xx/driverlib/gcc/Release/driverlib.a(interrupt.obj)
                                0x34d (size before relaxing)
 .debug_str     0x00004511      0x147 C:/ti/simplelink_cc32xx_sdk_7_10_00_13/source\ti/devices/cc32xx/driverlib/gcc/Release/driverlib.a(pin.obj)
                                0x32a (size before relaxing)
 .debug_str     0x00004658      0x4f9 C:/ti/simplelink_cc32xx_sdk_7_10_00_13/source\ti/devices/cc32xx/driverlib/gcc/Release/driverlib.a(prcm.obj)
                                0x893 (size before relaxing)
 .debug_str     0x00004b51       0xa5 C:/ti/simplelink_cc32xx_sdk_7_10_00_13/source\ti/devices/cc32xx/driverlib/gcc/Release/driverlib.a(systick.obj)
                                0x229 (size before relaxing)
 .debug_str     0x00004bf6      0x231 C:/ti/simplelink_cc32xx_sdk_7_10_00_13/source\ti/devices/cc32xx/driverlib/gcc/Release/driverlib.a(uart.obj)
                                0x4da (size before relaxing)
 .debug_str     0x00004e27      0x231 C:/ti/simplelink_cc32xx_sdk_7_10_00_13/source\ti/devices/cc32xx/driverlib/gcc/Release/driverlib.a(udma.obj)
                                0x490 (size before relaxing)
 .debug_str     0x00005058       0x65 C:/ti/simplelink_cc32xx_sdk_7_10_00_13/source\ti/devices/cc32xx/driverlib/gcc/Release/driverlib.a(utils.obj)
                                0x17e (size before relaxing)
 .debug_str     0x000050bd      0x1c4 C:/ti/simplelink_cc32xx_sdk_7_10_00_13/source\ti/devices/cc32xx/driverlib/gcc/Release/driverlib.a(flash.obj)
                                0x330 (size before relaxing)

.comment        0x00000000       0x79
 .comment       0x00000000       0x79 ./main_nortos.o
                                 0x7a (size before relaxing)
 .comment       0x00000079       0x7a ./uart2echo.o
 .comment       0x00000079       0x7a ./syscfg/ti_drivers_config.o
 .comment       0x00000079       0x7a C:/ti/simplelink_cc32xx_sdk_7_10_00_13/source\ti/drivers/lib/gcc/m4/drivers_cc32xx.a(GPIOCC32XX.c.obj)
 .comment       0x00000079       0x7a C:/ti/simplelink_cc32xx_sdk_7_10_00_13/source\ti/drivers/lib/gcc/m4/drivers_cc32xx.a(PowerCC32XX.c.obj)
 .comment       0x00000079       0x7a C:/ti/simplelink_cc32xx_sdk_7_10_00_13/source\ti/drivers/lib/gcc/m4/drivers_cc32xx.a(UART2.c.obj)
 .comment       0x00000079       0x7a C:/ti/simplelink_cc32xx_sdk_7_10_00_13/source\ti/drivers/lib/gcc/m4/drivers_cc32xx.a(UART2CC32XX.c.obj)
 .comment       0x00000079       0x7a C:/ti/simplelink_cc32xx_sdk_7_10_00_13/source\ti/drivers/lib/gcc/m4/drivers_cc32xx.a(List.c.obj)
 .comment       0x00000079       0x7a C:/ti/simplelink_cc32xx_sdk_7_10_00_13/source\ti/drivers/lib/gcc/m4/drivers_cc32xx.a(RingBuf.c.obj)
 .comment       0x00000079       0x7a C:/ti/simplelink_cc32xx_sdk_7_10_00_13/source\ti/drivers/lib/gcc/m4/drivers_cc32xx.a(UDMACC32XX.c.obj)
 .comment       0x00000079       0x7a C:/ti/simplelink_cc32xx_sdk_7_10_00_13/kernel/nortos\lib/gcc/m4/nortos_cc32xx.a(NoRTOS.c.obj)
 .comment       0x00000079       0x7a C:/ti/simplelink_cc32xx_sdk_7_10_00_13/kernel/nortos\lib/gcc/m4/nortos_cc32xx.a(SemaphoreP_nortos.c.obj)
 .comment       0x00000079       0x7a C:/ti/simplelink_cc32xx_sdk_7_10_00_13/kernel/nortos\lib/gcc/m4/nortos_cc32xx.a(ClockPSysTick_nortos.c.obj)
 .comment       0x00000079       0x7a C:/ti/simplelink_cc32xx_sdk_7_10_00_13/kernel/nortos\lib/gcc/m4/nortos_cc32xx.a(HwiPCC32XX_nortos.c.obj)
 .comment       0x00000079       0x7a C:/ti/simplelink_cc32xx_sdk_7_10_00_13/kernel/nortos\lib/gcc/m4/nortos_cc32xx.a(PowerCC32XX_nortos.c.obj)
 .comment       0x00000079       0x7a C:/ti/simplelink_cc32xx_sdk_7_10_00_13/kernel/nortos\lib/gcc/m4/nortos_cc32xx.a(startup_cc32xx_gcc.c.obj)
 .comment       0x00000079       0x7a C:/ti/simplelink_cc32xx_sdk_7_10_00_13/kernel/nortos\lib/gcc/m4/nortos_cc32xx.a(SwiP_nortos.c.obj)
 .comment       0x00000079       0x7a C:/ti/simplelink_cc32xx_sdk_7_10_00_13/source\ti/devices/cc32xx/driverlib/gcc/Release/driverlib.a(cpu.obj)
 .comment       0x00000079       0x7a C:/ti/simplelink_cc32xx_sdk_7_10_00_13/source\ti/devices/cc32xx/driverlib/gcc/Release/driverlib.a(gpio.obj)
 .comment       0x00000079       0x7a C:/ti/simplelink_cc32xx_sdk_7_10_00_13/source\ti/devices/cc32xx/driverlib/gcc/Release/driverlib.a(interrupt.obj)
 .comment       0x00000079       0x7a C:/ti/simplelink_cc32xx_sdk_7_10_00_13/source\ti/devices/cc32xx/driverlib/gcc/Release/driverlib.a(pin.obj)
 .comment       0x00000079       0x7a C:/ti/simplelink_cc32xx_sdk_7_10_00_13/source\ti/devices/cc32xx/driverlib/gcc/Release/driverlib.a(prcm.obj)
 .comment       0x00000079       0x7a C:/ti/simplelink_cc32xx_sdk_7_10_00_13/source\ti/devices/cc32xx/driverlib/gcc/Release/driverlib.a(systick.obj)
 .comment       0x00000079       0x7a C:/ti/simplelink_cc32xx_sdk_7_10_00_13/source\ti/devices/cc32xx/driverlib/gcc/Release/driverlib.a(uart.obj)
 .comment       0x00000079       0x7a C:/ti/simplelink_cc32xx_sdk_7_10_00_13/source\ti/devices/cc32xx/driverlib/gcc/Release/driverlib.a(udma.obj)
 .comment       0x00000079       0x7a C:/ti/simplelink_cc32xx_sdk_7_10_00_13/source\ti/devices/cc32xx/driverlib/gcc/Release/driverlib.a(utils.obj)
 .comment       0x00000079       0x7a C:/ti/simplelink_cc32xx_sdk_7_10_00_13/source\ti/devices/cc32xx/driverlib/gcc/Release/driverlib.a(flash.obj)

.ARM.attributes
                0x00000000       0x2c
 .ARM.attributes
                0x00000000       0x2e ./main_nortos.o
 .ARM.attributes
                0x0000002e       0x2e ./uart2echo.o
 .ARM.attributes
                0x0000005c       0x2e ./syscfg/ti_drivers_config.o
 .ARM.attributes